Copyright 1986-2020 Xilinx, Inc. All Rights Reserved.
-------------------------------------------------------------------------------------------------------------------------------------------------------------------
| Tool Version : Vivado v.2020.2 (win64) Build 3064766 Wed Nov 18 09:12:45 MST 2020
| Date         : Fri Jul 10 15:34:11 2026
| Host         : DESKTOP-5C0BNO8 running 64-bit major release  (build 9200)
| Device       : 7z020clg400-1
| Design State : Routed(Bitstream Generated)
-------------------------------------------------------------------------------------------------------------------------------------------------------------------

Utilization Design Information

Table of Contents
-----------------
1. Utilization by Hierarchy

1. Utilization by Hierarchy
---------------------------

+---------------------------+------------------------------+------------+------------+---------+------+-----+--------+--------+------------+
|          Instance         |            Module            | Total LUTs | Logic LUTs | LUTRAMs | SRLs | FFs | RAMB36 | RAMB18 | DSP Blocks |
+---------------------------+------------------------------+------------+------------+---------+------+-----+--------+--------+------------+
| top_mcc3_tdm_mce          |                        (top) |        836 |        836 |       0 |    0 | 888 |      0 |      0 |         32 |
|   u_core                  |                  mcc_tdm_mce |        836 |        836 |       0 |    0 | 888 |      0 |      0 |         32 |
|     (u_core)              |                  mcc_tdm_mce |         26 |         26 |       0 |    0 |  24 |      0 |      0 |          0 |
|     u_gen                 |     mcc_tdm_keystream_select |        812 |        812 |       0 |    0 | 864 |      0 |      0 |         32 |
|       u_core              |    mcc_tdm_keystream_generic |        812 |        812 |       0 |    0 | 864 |      0 |      0 |         32 |
|         (u_core)          |    mcc_tdm_keystream_generic |        219 |        219 |       0 |    0 | 380 |      0 |      0 |          0 |
|         G_COEFF_3.u_coeff |               mcc3_coeff_rom |          4 |          4 |       0 |    0 |   0 |      0 |      0 |          0 |
|         u_branch_mul      | cmul_q824_sector_shared_pipe |        280 |        280 |       0 |    0 | 282 |      0 |      0 |         16 |
|         u_key             |         mcc_key_extract_q824 |         39 |         39 |       0 |    0 |   0 |      0 |      0 |          0 |
|         u_sigma_mul       |               cmul_q824_pipe |        270 |        270 |       0 |    0 | 202 |      0 |      0 |         16 |
+---------------------------+------------------------------+------------+------------+---------+------+-----+--------+--------+------------+


