Copyright 1986-2020 Xilinx, Inc. All Rights Reserved.
-------------------------------------------------------------------------------------------------------------------------------------------------------------------
| Tool Version : Vivado v.2020.2 (win64) Build 3064766 Wed Nov 18 09:12:45 MST 2020
| Date         : Fri Jul 10 15:33:01 2026
| Host         : DESKTOP-5C0BNO8 running 64-bit major release  (build 9200)
| Device       : 7z020clg400-1
| Design State : Routed(Bitstream Generated)
-------------------------------------------------------------------------------------------------------------------------------------------------------------------

Utilization Design Information

Table of Contents
-----------------
1. Utilization by Hierarchy

1. Utilization by Hierarchy
---------------------------

+---------------------------+------------------------------+------------+------------+---------+------+-----+--------+--------+------------+
|          Instance         |            Module            | Total LUTs | Logic LUTs | LUTRAMs | SRLs | FFs | RAMB36 | RAMB18 | DSP Blocks |
+---------------------------+------------------------------+------------+------------+---------+------+-----+--------+--------+------------+
| top_mcc2_tdm_mce          |                        (top) |        736 |        736 |       0 |    0 | 776 |      0 |      0 |         32 |
|   u_core                  |                  mcc_tdm_mce |        736 |        736 |       0 |    0 | 776 |      0 |      0 |         32 |
|     (u_core)              |                  mcc_tdm_mce |         16 |         16 |       0 |    0 |  16 |      0 |      0 |          0 |
|     u_gen                 |     mcc_tdm_keystream_select |        721 |        721 |       0 |    0 | 760 |      0 |      0 |         32 |
|       u_core              |    mcc_tdm_keystream_generic |        721 |        721 |       0 |    0 | 760 |      0 |      0 |         32 |
|         (u_core)          |    mcc_tdm_keystream_generic |        132 |        132 |       0 |    0 | 332 |      0 |      0 |          0 |
|         G_COEFF_2.u_coeff |               mcc2_coeff_rom |          2 |          2 |       0 |    0 |   0 |      0 |      0 |          0 |
|         u_branch_mul      | cmul_q824_sector_shared_pipe |        279 |        279 |       0 |    0 | 226 |      0 |      0 |         16 |
|         u_key             |         mcc_key_extract_q824 |         39 |         39 |       0 |    0 |   0 |      0 |      0 |          0 |
|         u_sigma_mul       |               cmul_q824_pipe |        270 |        270 |       0 |    0 | 202 |      0 |      0 |         16 |
+---------------------------+------------------------------+------------+------------+---------+------+-----+--------+--------+------------+



