Copyright 1986-2020 Xilinx, Inc. All Rights Reserved.
------------------------------------------------------------------------------------------------------------------------------------------------------------------------------------------------
| Tool Version : Vivado v.2020.2 (win64) Build 3064766 Wed Nov 18 09:12:45 MST 2020
| Date         : Fri Jul 10 15:33:37 2026
| Host         : DESKTOP-5C0BNO8 running 64-bit major release  (build 9200)
| Device       : 7z020-clg400
| Speed File   : -1  PRODUCTION 1.12 2019-11-22
------------------------------------------------------------------------------------------------------------------------------------------------------------------------------------------------

Timing Summary Report

------------------------------------------------------------------------------------------------
| Timer Settings
| --------------
------------------------------------------------------------------------------------------------

  Enable Multi Corner Analysis               :  Yes
  Enable Pessimism Removal                   :  Yes
  Pessimism Removal Resolution               :  Nearest Common Node
  Enable Input Delay Default Clock           :  No
  Enable Preset / Clear Arcs                 :  No
  Disable Flight Delays                      :  No
  Ignore I/O Paths                           :  No
  Timing Early Launch at Borrowing Latches   :  No
  Borrow Time for Max Delay Exceptions       :  Yes
  Merge Timing Exceptions                    :  Yes

  Corner  Analyze    Analyze    
  Name    Max Paths  Min Paths  
  ------  ---------  ---------  
  Slow    Yes        Yes        
  Fast    Yes        Yes        



check_timing report

Table of Contents
-----------------
1. checking no_clock (0)
2. checking constant_clock (0)
3. checking pulse_width_clock (0)
4. checking unconstrained_internal_endpoints (0)
5. checking no_input_delay (20)
6. checking no_output_delay (82)
7. checking multiple_clock (0)
8. checking generated_clocks (0)
9. checking loops (0)
10. checking partial_input_delay (0)
11. checking partial_output_delay (0)
12. checking latch_loops (0)

1. checking no_clock (0)
------------------------
 There are 0 register/latch pins with no clock.


2. checking constant_clock (0)
------------------------------
 There are 0 register/latch pins with constant_clock.


3. checking pulse_width_clock (0)
---------------------------------
 There are 0 register/latch pins which need pulse_width check


4. checking unconstrained_internal_endpoints (0)
------------------------------------------------
 There are 0 pins that are not constrained for maximum delay.

 There are 0 pins that are not constrained for maximum delay due to constant clock.


5. checking no_input_delay (20)
-------------------------------
 There are 20 input ports with no input delay specified. (HIGH)

 There are 0 input ports with no input delay but user has a false path constraint.


6. checking no_output_delay (82)
--------------------------------
 There are 82 ports with no output delay specified. (HIGH)

 There are 0 ports with no output delay but user has a false path constraint

 There are 0 ports with no output delay but with a timing clock defined on it or propagating through it


7. checking multiple_clock (0)
------------------------------
 There are 0 register/latch pins with multiple clocks.


8. checking generated_clocks (0)
--------------------------------
 There are 0 generated clocks that are not connected to a clock source.


9. checking loops (0)
---------------------
 There are 0 combinational loops in the design.


10. checking partial_input_delay (0)
------------------------------------
 There are 0 input ports with partial input delay specified.


11. checking partial_output_delay (0)
-------------------------------------
 There are 0 ports with partial output delay specified.


12. checking latch_loops (0)
----------------------------
 There are 0 combinational latch loops in the design through latch input



------------------------------------------------------------------------------------------------
| Design Timing Summary
| ---------------------
------------------------------------------------------------------------------------------------

    WNS(ns)      TNS(ns)  TNS Failing Endpoints  TNS Total Endpoints     WPWS(ns)     TPWS(ns)  TPWS Failing Endpoints  TPWS Total Endpoints  
    -------      -------  ---------------------  -------------------     --------     --------  ----------------------  --------------------  
      9.057        0.000                      0                 4612        9.500        0.000                       0                  1284  


All user specified timing constraints are met.


------------------------------------------------------------------------------------------------
| Clock Summary
| -------------
------------------------------------------------------------------------------------------------

Clock  Waveform(ns)       Period(ns)      Frequency(MHz)
-----  ------------       ----------      --------------
clk    {0.000 10.000}     20.000          50.000          


------------------------------------------------------------------------------------------------
| Intra Clock Table
| -----------------
------------------------------------------------------------------------------------------------

Clock             WNS(ns)      TNS(ns)  TNS Failing Endpoints  TNS Total Endpoints     WPWS(ns)     TPWS(ns)  TPWS Failing Endpoints  TPWS Total Endpoints  
-----             -------      -------  ---------------------  -------------------     --------     --------  ----------------------  --------------------  
clk                 9.057        0.000                      0                 4612        9.500        0.000                       0                  1284  


------------------------------------------------------------------------------------------------
| Inter Clock Table
| -----------------
------------------------------------------------------------------------------------------------

From Clock    To Clock          WNS(ns)      TNS(ns)  TNS Failing Endpoints  TNS Total Endpoints  
----------    --------          -------      -------  ---------------------  -------------------  


------------------------------------------------------------------------------------------------
| Other Path Groups Table
| -----------------------
------------------------------------------------------------------------------------------------

Path Group    From Clock    To Clock          WNS(ns)      TNS(ns)  TNS Failing Endpoints  TNS Total Endpoints  
----------    ----------    --------          -------      -------  ---------------------  -------------------  


------------------------------------------------------------------------------------------------
| User Ignored Path Table
| -----------------------
------------------------------------------------------------------------------------------------

Path Group    From Clock    To Clock    
----------    ----------    --------    


------------------------------------------------------------------------------------------------
| Unconstrained Path Table
| ------------------------
------------------------------------------------------------------------------------------------

Path Group    From Clock    To Clock    
----------    ----------    --------    
(none)                                    
(none)        clk                         
(none)                      clk           


------------------------------------------------------------------------------------------------
| Timing Details
| --------------
------------------------------------------------------------------------------------------------


---------------------------------------------------------------------------------------------------
From Clock:  clk
  To Clock:  clk

Setup :            0  Failing Endpoints,  Worst Slack        9.057ns,  Total Violation        0.000ns
Hold  :           NA  Failing Endpoints,  Worst Slack           NA  ,  Total Violation           NA
PW    :            0  Failing Endpoints,  Worst Slack        9.500ns,  Total Violation        0.000ns
---------------------------------------------------------------------------------------------------


Max Delay Paths
--------------------------------------------------------------------------------------
Slack (MET) :             9.057ns  (required time - arrival time)
  Source:                 u_core/u_gen/G_CORE[0].u_core/base_im_q_reg[8]/C
                            (rising edge-triggered cell FDRE clocked by clk  {rise@0.000ns fall@10.000ns period=20.000ns})
  Destination:            u_core/u_gen/G_CORE[0].u_core/u_sigma_mul/ad_q_reg/PCIN[0]
                            (rising edge-triggered cell DSP48E1 clocked by clk  {rise@0.000ns fall@10.000ns period=20.000ns})
  Path Group:             clk
  Path Type:              Setup (Max at Slow Process Corner)
  Requirement:            20.000ns  (clk rise@20.000ns - clk rise@0.000ns)
  Data Path Delay:        9.459ns  (logic 4.492ns (47.488%)  route 4.967ns (52.512%))
  Logic Levels:           1  (DSP48E1=1)
  Clock Path Skew:        -0.049ns (DCD - SCD + CPR)
    Destination Clock Delay (DCD):    0.924ns = ( 20.924 - 20.000 ) 
    Source Clock Delay      (SCD):    0.973ns
    Clock Pessimism Removal (CPR):    0.000ns
  Clock Uncertainty:      0.035ns  ((TSJ^2 + TIJ^2)^1/2 + DJ) / 2 + PE
    Total System Jitter     (TSJ):    0.071ns
    Total Input Jitter      (TIJ):    0.000ns
    Discrete Jitter          (DJ):    0.000ns
    Phase Error              (PE):    0.000ns

    Location             Delay type                Incr(ns)  Path(ns)    Netlist Resource(s)
  -------------------------------------------------------------------    -------------------
                         (clock clk rise edge)        0.000     0.000 r  
                                                      0.000     0.000 r  clk (IN)
                         net (fo=1283, unset)         0.973     0.973    u_core/u_gen/G_CORE[0].u_core/clk
    SLICE_X17Y13         FDRE                                         r  u_core/u_gen/G_CORE[0].u_core/base_im_q_reg[8]/C
  -------------------------------------------------------------------    -------------------
    SLICE_X17Y13         FDRE (Prop_fdre_C_Q)         0.456     1.429 r  u_core/u_gen/G_CORE[0].u_core/base_im_q_reg[8]/Q
                         net (fo=8, routed)           4.965     6.394    u_core/u_gen/G_CORE[0].u_core/u_sigma_mul/b_im[8]
    DSP48_X3Y8           DSP48E1 (Prop_dsp48e1_A[8]_PCOUT[0])
                                                      4.036    10.430 r  u_core/u_gen/G_CORE[0].u_core/u_sigma_mul/ad_q0/PCOUT[0]
                         net (fo=1, routed)           0.002    10.432    u_core/u_gen/G_CORE[0].u_core/u_sigma_mul/ad_q0_n_153
    DSP48_X3Y9           DSP48E1                                      r  u_core/u_gen/G_CORE[0].u_core/u_sigma_mul/ad_q_reg/PCIN[0]
  -------------------------------------------------------------------    -------------------

                         (clock clk rise edge)       20.000    20.000 r  
                                                      0.000    20.000 r  clk (IN)
                         net (fo=1283, unset)         0.924    20.924    u_core/u_gen/G_CORE[0].u_core/u_sigma_mul/clk
    DSP48_X3Y9           DSP48E1                                      r  u_core/u_gen/G_CORE[0].u_core/u_sigma_mul/ad_q_reg/CLK
                         clock pessimism              0.000    20.924    
                         clock uncertainty           -0.035    20.889    
    DSP48_X3Y9           DSP48E1 (Setup_dsp48e1_CLK_PCIN[0])
                                                     -1.400    19.489    u_core/u_gen/G_CORE[0].u_core/u_sigma_mul/ad_q_reg
  -------------------------------------------------------------------
                         required time                         19.489    
                         arrival time                         -10.432    
  -------------------------------------------------------------------
                         slack                                  9.057    





Pulse Width Checks
--------------------------------------------------------------------------------------
Clock Name:         clk
Waveform(ns):       { 0.000 10.000 }
Period(ns):         20.000
Sources:            { clk }

Check Type        Corner  Lib Pin      Reference Pin  Required(ns)  Actual(ns)  Slack(ns)  Location      Pin
Min Period        n/a     DSP48E1/CLK  n/a            2.154         20.000      17.846     DSP48_X1Y7    u_core/u_gen/G_CORE[0].u_core/u_branch_mul/bc_q_reg/CLK
Low Pulse Width   Slow    FDRE/C       n/a            0.500         10.000      9.500      SLICE_X11Y12  u_core/plain_q_reg[0]/C
High Pulse Width  Slow    FDRE/C       n/a            0.500         10.000      9.500      SLICE_X11Y12  u_core/plain_q_reg[0]/C



--------------------------------------------------------------------------------------
Path Group:  (none)
From Clock:  
  To Clock:  

Max Delay             1 Endpoint
Min Delay             0 Endpoints
--------------------------------------------------------------------------------------


Max Delay Paths
--------------------------------------------------------------------------------------
Slack:                    inf
  Source:                 start
                            (input port)
  Destination:            s_ready
                            (output port)
  Path Group:             (none)
  Path Type:              Max at Slow Process Corner
  Data Path Delay:        3.415ns  (logic 0.474ns (13.879%)  route 2.941ns (86.121%))
  Logic Levels:           2  (LUT2=1 LUT4=1)

    Location             Delay type                Incr(ns)  Path(ns)    Netlist Resource(s)
  -------------------------------------------------------------------    -------------------
                                                      0.000     0.000 r  start (IN)
                         net (fo=5, unset)            0.973     0.973    u_core/u_gen/G_CORE[1].u_core/start
    SLICE_X22Y35         LUT4 (Prop_lut4_I3_O)        0.146     1.119 r  u_core/u_gen/G_CORE[1].u_core/req_ready_INST_0/O
                         net (fo=2, routed)           0.995     2.114    u_core/u_gen/ready_v[1]
    SLICE_X22Y33         LUT2 (Prop_lut2_I1_O)        0.328     2.442 r  u_core/u_gen/req_ready_INST_0/O
                         net (fo=1, unset)            0.973     3.415    s_ready
                                                                      r  s_ready (OUT)
  -------------------------------------------------------------------    -------------------





--------------------------------------------------------------------------------------
Path Group:  (none)
From Clock:  clk
  To Clock:  

Max Delay            82 Endpoints
Min Delay             0 Endpoints
--------------------------------------------------------------------------------------


Max Delay Paths
--------------------------------------------------------------------------------------
Slack:                    inf
  Source:                 u_core/u_gen/G_CORE[1].u_core/FSM_sequential_state_reg[1]/C
                            (rising edge-triggered cell FDRE clocked by clk  {rise@0.000ns fall@10.000ns period=20.000ns})
  Destination:            s_ready
                            (output port)
  Path Group:             (none)
  Path Type:              Max at Slow Process Corner
  Data Path Delay:        4.087ns  (logic 0.934ns (22.854%)  route 3.153ns (77.146%))
  Logic Levels:           2  (LUT2=1 LUT4=1)
  Clock Uncertainty:      0.025ns  ((TSJ^2 + TIJ^2)^1/2 + DJ) / 2 + PE
    Total System Jitter     (TSJ):    0.050ns
    Total Input Jitter      (TIJ):    0.000ns
    Discrete Jitter          (DJ):    0.000ns
    Phase Error              (PE):    0.000ns

    Location             Delay type                Incr(ns)  Path(ns)    Netlist Resource(s)
  -------------------------------------------------------------------    -------------------
                         (clock clk rise edge)        0.000     0.000 r  
                                                      0.000     0.000 r  clk (IN)
                         net (fo=1283, unset)         0.973     0.973    u_core/u_gen/G_CORE[1].u_core/clk
    SLICE_X23Y35         FDRE                                         r  u_core/u_gen/G_CORE[1].u_core/FSM_sequential_state_reg[1]/C
  -------------------------------------------------------------------    -------------------
    SLICE_X23Y35         FDRE (Prop_fdre_C_Q)         0.456     1.429 f  u_core/u_gen/G_CORE[1].u_core/FSM_sequential_state_reg[1]/Q
                         net (fo=15, routed)          1.185     2.614    u_core/u_gen/G_CORE[1].u_core/state[1]
    SLICE_X22Y35         LUT4 (Prop_lut4_I0_O)        0.150     2.764 r  u_core/u_gen/G_CORE[1].u_core/req_ready_INST_0/O
                         net (fo=2, routed)           0.995     3.759    u_core/u_gen/ready_v[1]
    SLICE_X22Y33         LUT2 (Prop_lut2_I1_O)        0.328     4.087 r  u_core/u_gen/req_ready_INST_0/O
                         net (fo=1, unset)            0.973     5.060    s_ready
                                                                      r  s_ready (OUT)
  -------------------------------------------------------------------    -------------------





--------------------------------------------------------------------------------------
Path Group:  (none)
From Clock:  
  To Clock:  clk

Max Delay          1456 Endpoints
Min Delay             0 Endpoints
--------------------------------------------------------------------------------------


Max Delay Paths
--------------------------------------------------------------------------------------
Slack:                    inf
  Source:                 start
                            (input port)
  Destination:            u_core/u_gen/G_CORE[0].u_core/base_im_q_reg[0]/CE
                            (rising edge-triggered cell FDRE clocked by clk  {rise@0.000ns fall@10.000ns period=20.000ns})
  Path Group:             (none)
  Path Type:              Setup (Max at Slow Process Corner)
  Data Path Delay:        6.130ns  (logic 0.852ns (13.898%)  route 5.278ns (86.102%))
  Logic Levels:           3  (LUT3=1 LUT4=1 LUT5=1)
  Clock Path Skew:        0.924ns (DCD - SCD + CPR)
    Destination Clock Delay (DCD):    0.924ns
    Source Clock Delay      (SCD):    0.000ns
    Clock Pessimism Removal (CPR):    0.000ns

    Location             Delay type                Incr(ns)  Path(ns)    Netlist Resource(s)
  -------------------------------------------------------------------    -------------------
                                                      0.000     0.000 r  start (IN)
                         net (fo=5, unset)            0.973     0.973    u_core/u_gen/G_CORE[1].u_core/start
    SLICE_X22Y35         LUT4 (Prop_lut4_I3_O)        0.146     1.119 r  u_core/u_gen/G_CORE[1].u_core/req_ready_INST_0/O
                         net (fo=2, routed)           0.995     2.114    u_core/u_gen/ready_v[1]
    SLICE_X22Y33         LUT3 (Prop_lut3_I1_O)        0.350     2.464 r  u_core/u_gen/G_CORE[1].u_core_i_1/O
                         net (fo=4, routed)           1.374     3.838    u_core/u_gen/G_CORE[0].u_core/req_valid
    SLICE_X21Y22         LUT5 (Prop_lut5_I2_O)        0.356     4.194 r  u_core/u_gen/G_CORE[0].u_core/base_re_q[31]_i_1/O
                         net (fo=64, routed)          1.936     6.130    u_core/u_gen/G_CORE[0].u_core/base_re_q
    SLICE_X19Y11         FDRE                                         r  u_core/u_gen/G_CORE[0].u_core/base_im_q_reg[0]/CE
  -------------------------------------------------------------------    -------------------

                         (clock clk rise edge)        0.000     0.000 r  
                                                      0.000     0.000 r  clk (IN)
                         net (fo=1283, unset)         0.924     0.924    u_core/u_gen/G_CORE[0].u_core/clk
    SLICE_X19Y11         FDRE                                         r  u_core/u_gen/G_CORE[0].u_core/base_im_q_reg[0]/C





