Copyright 1986-2020 Xilinx, Inc. All Rights Reserved.
----------------------------------------------------------------------------------------------------------------------------------------------------------------------------------------
| Tool Version : Vivado v.2020.2 (win64) Build 3064766 Wed Nov 18 09:12:45 MST 2020
| Date         : Fri Jul 10 15:38:08 2026
| Host         : DESKTOP-5C0BNO8 running 64-bit major release  (build 9200)
| Device       : 7z020-clg400
| Speed File   : -1  PRODUCTION 1.12 2019-11-22
----------------------------------------------------------------------------------------------------------------------------------------------------------------------------------------

Timing Summary Report

------------------------------------------------------------------------------------------------
| Timer Settings
| --------------
------------------------------------------------------------------------------------------------

  Enable Multi Corner Analysis               :  Yes
  Enable Pessimism Removal                   :  Yes
  Pessimism Removal Resolution               :  Nearest Common Node
  Enable Input Delay Default Clock           :  No
  Enable Preset / Clear Arcs                 :  No
  Disable Flight Delays                      :  No
  Ignore I/O Paths                           :  No
  Timing Early Launch at Borrowing Latches   :  No
  Borrow Time for Max Delay Exceptions       :  Yes
  Merge Timing Exceptions                    :  Yes

  Corner  Analyze    Analyze    
  Name    Max Paths  Min Paths  
  ------  ---------  ---------  
  Slow    Yes        Yes        
  Fast    Yes        Yes        



check_timing report

Table of Contents
-----------------
1. checking no_clock (0)
2. checking constant_clock (0)
3. checking pulse_width_clock (0)
4. checking unconstrained_internal_endpoints (0)
5. checking no_input_delay (52)
6. checking no_output_delay (114)
7. checking multiple_clock (0)
8. checking generated_clocks (0)
9. checking loops (0)
10. checking partial_input_delay (0)
11. checking partial_output_delay (0)
12. checking latch_loops (0)

1. checking no_clock (0)
------------------------
 There are 0 register/latch pins with no clock.


2. checking constant_clock (0)
------------------------------
 There are 0 register/latch pins with constant_clock.


3. checking pulse_width_clock (0)
---------------------------------
 There are 0 register/latch pins which need pulse_width check


4. checking unconstrained_internal_endpoints (0)
------------------------------------------------
 There are 0 pins that are not constrained for maximum delay.

 There are 0 pins that are not constrained for maximum delay due to constant clock.


5. checking no_input_delay (52)
-------------------------------
 There are 52 input ports with no input delay specified. (HIGH)

 There are 0 input ports with no input delay but user has a false path constraint.


6. checking no_output_delay (114)
---------------------------------
 There are 114 ports with no output delay specified. (HIGH)

 There are 0 ports with no output delay but user has a false path constraint

 There are 0 ports with no output delay but with a timing clock defined on it or propagating through it


7. checking multiple_clock (0)
------------------------------
 There are 0 register/latch pins with multiple clocks.


8. checking generated_clocks (0)
--------------------------------
 There are 0 generated clocks that are not connected to a clock source.


9. checking loops (0)
---------------------
 There are 0 combinational loops in the design.


10. checking partial_input_delay (0)
------------------------------------
 There are 0 input ports with partial input delay specified.


11. checking partial_output_delay (0)
-------------------------------------
 There are 0 ports with partial output delay specified.


12. checking latch_loops (0)
----------------------------
 There are 0 combinational latch loops in the design through latch input



------------------------------------------------------------------------------------------------
| Design Timing Summary
| ---------------------
------------------------------------------------------------------------------------------------

    WNS(ns)      TNS(ns)  TNS Failing Endpoints  TNS Total Endpoints     WPWS(ns)     TPWS(ns)  TPWS Failing Endpoints  TPWS Total Endpoints  
    -------      -------  ---------------------  -------------------     --------     --------  ----------------------  --------------------  
      7.249        0.000                      0                 3016        9.500        0.000                       0                   975  


All user specified timing constraints are met.


------------------------------------------------------------------------------------------------
| Clock Summary
| -------------
------------------------------------------------------------------------------------------------

Clock  Waveform(ns)       Period(ns)      Frequency(MHz)
-----  ------------       ----------      --------------
clk    {0.000 10.000}     20.000          50.000          


------------------------------------------------------------------------------------------------
| Intra Clock Table
| -----------------
------------------------------------------------------------------------------------------------

Clock             WNS(ns)      TNS(ns)  TNS Failing Endpoints  TNS Total Endpoints     WPWS(ns)     TPWS(ns)  TPWS Failing Endpoints  TPWS Total Endpoints  
-----             -------      -------  ---------------------  -------------------     --------     --------  ----------------------  --------------------  
clk                 7.249        0.000                      0                 3016        9.500        0.000                       0                   975  


------------------------------------------------------------------------------------------------
| Inter Clock Table
| -----------------
------------------------------------------------------------------------------------------------

From Clock    To Clock          WNS(ns)      TNS(ns)  TNS Failing Endpoints  TNS Total Endpoints  
----------    --------          -------      -------  ---------------------  -------------------  


------------------------------------------------------------------------------------------------
| Other Path Groups Table
| -----------------------
------------------------------------------------------------------------------------------------

Path Group    From Clock    To Clock          WNS(ns)      TNS(ns)  TNS Failing Endpoints  TNS Total Endpoints  
----------    ----------    --------          -------      -------  ---------------------  -------------------  


------------------------------------------------------------------------------------------------
| User Ignored Path Table
| -----------------------
------------------------------------------------------------------------------------------------

Path Group    From Clock    To Clock    
----------    ----------    --------    


------------------------------------------------------------------------------------------------
| Unconstrained Path Table
| ------------------------
------------------------------------------------------------------------------------------------

Path Group    From Clock    To Clock    
----------    ----------    --------    
(none)                                    
(none)        clk                         
(none)                      clk           


------------------------------------------------------------------------------------------------
| Timing Details
| --------------
------------------------------------------------------------------------------------------------


---------------------------------------------------------------------------------------------------
From Clock:  clk
  To Clock:  clk

Setup :            0  Failing Endpoints,  Worst Slack        7.249ns,  Total Violation        0.000ns
Hold  :           NA  Failing Endpoints,  Worst Slack           NA  ,  Total Violation           NA
PW    :            0  Failing Endpoints,  Worst Slack        9.500ns,  Total Violation        0.000ns
---------------------------------------------------------------------------------------------------


Max Delay Paths
--------------------------------------------------------------------------------------
Slack (MET) :             7.249ns  (required time - arrival time)
  Source:                 u_core/u_gen/u_core/issue_idx_reg[0]/C
                            (rising edge-triggered cell FDRE clocked by clk  {rise@0.000ns fall@10.000ns period=20.000ns})
  Destination:            u_core/u_gen/u_core/u_branch_mul/ac_q_reg[53]/D
                            (rising edge-triggered cell FDRE clocked by clk  {rise@0.000ns fall@10.000ns period=20.000ns})
  Path Group:             clk
  Path Type:              Setup (Max at Slow Process Corner)
  Requirement:            20.000ns  (clk rise@20.000ns - clk rise@0.000ns)
  Data Path Delay:        12.729ns  (logic 8.245ns (64.772%)  route 4.484ns (35.228%))
  Logic Levels:           13  (CARRY4=8 DSP48E1=2 LUT3=1 LUT4=1 LUT6=1)
  Clock Path Skew:        -0.049ns (DCD - SCD + CPR)
    Destination Clock Delay (DCD):    0.924ns = ( 20.924 - 20.000 ) 
    Source Clock Delay      (SCD):    0.973ns
    Clock Pessimism Removal (CPR):    0.000ns
  Clock Uncertainty:      0.035ns  ((TSJ^2 + TIJ^2)^1/2 + DJ) / 2 + PE
    Total System Jitter     (TSJ):    0.071ns
    Total Input Jitter      (TIJ):    0.000ns
    Discrete Jitter          (DJ):    0.000ns
    Phase Error              (PE):    0.000ns

    Location             Delay type                Incr(ns)  Path(ns)    Netlist Resource(s)
  -------------------------------------------------------------------    -------------------
                         (clock clk rise edge)        0.000     0.000 r  
                                                      0.000     0.000 r  clk (IN)
                         net (fo=974, unset)          0.973     0.973    u_core/u_gen/u_core/clk
    SLICE_X30Y23         FDRE                                         r  u_core/u_gen/u_core/issue_idx_reg[0]/C
  -------------------------------------------------------------------    -------------------
    SLICE_X30Y23         FDRE (Prop_fdre_C_Q)         0.518     1.491 r  u_core/u_gen/u_core/issue_idx_reg[0]/Q
                         net (fo=8, routed)           0.870     2.361    u_core/u_gen/u_core/issue_idx_reg_n_0_[0]
    SLICE_X30Y22         LUT6 (Prop_lut6_I3_O)        0.124     2.485 f  u_core/u_gen/u_core/G_COEFF_6.u_coeff_i_2/O
                         net (fo=13, routed)          0.519     3.005    u_core/u_gen/u_core/G_COEFF_6.u_coeff/idx[1]
    SLICE_X31Y22         LUT3 (Prop_lut3_I0_O)        0.149     3.154 r  u_core/u_gen/u_core/G_COEFF_6.u_coeff/coeff_im[21]_INST_0/O
                         net (fo=20, routed)          1.524     4.677    u_core/u_gen/u_core/u_branch_mul/a_im[21]
    DSP48_X2Y10          DSP48E1 (Prop_dsp48e1_A[7]_PCOUT[47])
                                                      4.244     8.921 r  u_core/u_gen/u_core/u_branch_mul/ac_q0/PCOUT[47]
                         net (fo=1, routed)           0.002     8.923    u_core/u_gen/u_core/u_branch_mul/ac_q0_n_106
    DSP48_X2Y11          DSP48E1 (Prop_dsp48e1_PCIN[47]_P[8])
                                                      1.518    10.441 r  u_core/u_gen/u_core/u_branch_mul/ac_q0__0/P[8]
                         net (fo=1, routed)           1.560    12.001    u_core/u_gen/u_core/u_branch_mul/ac_q0__0_n_97
    SLICE_X35Y18         LUT4 (Prop_lut4_I1_O)        0.124    12.125 r  u_core/u_gen/u_core/u_branch_mul/ac_q[27]_i_8/O
                         net (fo=1, routed)           0.000    12.125    u_core/u_gen/u_core/u_branch_mul/ac_q[27]_i_8_n_0
    SLICE_X35Y18         CARRY4 (Prop_carry4_S[1]_CO[3])
                                                      0.550    12.675 r  u_core/u_gen/u_core/u_branch_mul/ac_q_reg[27]_i_1/CO[3]
                         net (fo=1, routed)           0.000    12.675    u_core/u_gen/u_core/u_branch_mul/ac_q_reg[27]_i_1_n_0
    SLICE_X35Y19         CARRY4 (Prop_carry4_CI_CO[3])
                                                      0.114    12.789 r  u_core/u_gen/u_core/u_branch_mul/ac_q_reg[31]_i_1/CO[3]
                         net (fo=1, routed)           0.000    12.789    u_core/u_gen/u_core/u_branch_mul/ac_q_reg[31]_i_1_n_0
    SLICE_X35Y20         CARRY4 (Prop_carry4_CI_CO[3])
                                                      0.114    12.903 r  u_core/u_gen/u_core/u_branch_mul/ac_q_reg[35]_i_1/CO[3]
                         net (fo=1, routed)           0.000    12.903    u_core/u_gen/u_core/u_branch_mul/ac_q_reg[35]_i_1_n_0
    SLICE_X35Y21         CARRY4 (Prop_carry4_CI_CO[3])
                                                      0.114    13.017 r  u_core/u_gen/u_core/u_branch_mul/ac_q_reg[39]_i_1/CO[3]
                         net (fo=1, routed)           0.000    13.017    u_core/u_gen/u_core/u_branch_mul/ac_q_reg[39]_i_1_n_0
    SLICE_X35Y22         CARRY4 (Prop_carry4_CI_CO[3])
                                                      0.114    13.131 r  u_core/u_gen/u_core/u_branch_mul/ac_q_reg[43]_i_1/CO[3]
                         net (fo=1, routed)           0.000    13.131    u_core/u_gen/u_core/u_branch_mul/ac_q_reg[43]_i_1_n_0
    SLICE_X35Y23         CARRY4 (Prop_carry4_CI_CO[3])
                                                      0.114    13.245 r  u_core/u_gen/u_core/u_branch_mul/ac_q_reg[47]_i_1/CO[3]
                         net (fo=1, routed)           0.000    13.245    u_core/u_gen/u_core/u_branch_mul/ac_q_reg[47]_i_1_n_0
    SLICE_X35Y24         CARRY4 (Prop_carry4_CI_CO[3])
                                                      0.114    13.359 r  u_core/u_gen/u_core/u_branch_mul/ac_q_reg[51]_i_1/CO[3]
                         net (fo=1, routed)           0.009    13.368    u_core/u_gen/u_core/u_branch_mul/ac_q_reg[51]_i_1_n_0
    SLICE_X35Y25         CARRY4 (Prop_carry4_CI_O[1])
                                                      0.334    13.702 r  u_core/u_gen/u_core/u_branch_mul/ac_q_reg[55]_i_1/O[1]
                         net (fo=1, routed)           0.000    13.702    u_core/u_gen/u_core/u_branch_mul/ac_q_reg[55]_i_1_n_6
    SLICE_X35Y25         FDRE                                         r  u_core/u_gen/u_core/u_branch_mul/ac_q_reg[53]/D
  -------------------------------------------------------------------    -------------------

                         (clock clk rise edge)       20.000    20.000 r  
                                                      0.000    20.000 r  clk (IN)
                         net (fo=974, unset)          0.924    20.924    u_core/u_gen/u_core/u_branch_mul/clk
    SLICE_X35Y25         FDRE                                         r  u_core/u_gen/u_core/u_branch_mul/ac_q_reg[53]/C
                         clock pessimism              0.000    20.924    
                         clock uncertainty           -0.035    20.889    
    SLICE_X35Y25         FDRE (Setup_fdre_C_D)        0.062    20.951    u_core/u_gen/u_core/u_branch_mul/ac_q_reg[53]
  -------------------------------------------------------------------
                         required time                         20.951    
                         arrival time                         -13.702    
  -------------------------------------------------------------------
                         slack                                  7.249    





Pulse Width Checks
--------------------------------------------------------------------------------------
Clock Name:         clk
Waveform(ns):       { 0.000 10.000 }
Period(ns):         20.000
Sources:            { clk }

Check Type        Corner  Lib Pin      Reference Pin  Required(ns)  Actual(ns)  Slack(ns)  Location      Pin
Min Period        n/a     DSP48E1/CLK  n/a            2.154         20.000      17.846     DSP48_X1Y13   u_core/u_gen/u_core/u_branch_mul/ad_q_reg/CLK
Low Pulse Width   Slow    FDRE/C       n/a            0.500         10.000      9.500      SLICE_X21Y17  u_core/u_gen/u_core/u_branch_mul/bd_q_reg[0]/C
High Pulse Width  Slow    FDRE/C       n/a            0.500         10.000      9.500      SLICE_X21Y17  u_core/u_gen/u_core/u_branch_mul/bd_q_reg[0]/C



--------------------------------------------------------------------------------------
Path Group:  (none)
From Clock:  
  To Clock:  

Max Delay             1 Endpoint
Min Delay             0 Endpoints
--------------------------------------------------------------------------------------


Max Delay Paths
--------------------------------------------------------------------------------------
Slack:                    inf
  Source:                 start
                            (input port)
  Destination:            s_ready
                            (output port)
  Path Group:             (none)
  Path Type:              Max at Slow Process Corner
  Data Path Delay:        2.070ns  (logic 0.124ns (5.990%)  route 1.946ns (94.010%))
  Logic Levels:           1  (LUT3=1)

    Location             Delay type                Incr(ns)  Path(ns)    Netlist Resource(s)
  -------------------------------------------------------------------    -------------------
                                                      0.000     0.000 r  start (IN)
                         net (fo=1, unset)            0.973     0.973    u_core/u_gen/u_core/start
    SLICE_X30Y24         LUT3 (Prop_lut3_I0_O)        0.124     1.097 r  u_core/u_gen/u_core/req_ready_INST_0/O
                         net (fo=1, unset)            0.973     2.070    s_ready
                                                                      r  s_ready (OUT)
  -------------------------------------------------------------------    -------------------





--------------------------------------------------------------------------------------
Path Group:  (none)
From Clock:  clk
  To Clock:  

Max Delay           114 Endpoints
Min Delay             0 Endpoints
--------------------------------------------------------------------------------------


Max Delay Paths
--------------------------------------------------------------------------------------
Slack:                    inf
  Source:                 u_core/u_gen/u_core/keystream_data_reg[7]/C
                            (rising edge-triggered cell FDRE clocked by clk  {rise@0.000ns fall@10.000ns period=20.000ns})
  Destination:            m_data[7]
                            (output port)
  Path Group:             (none)
  Path Type:              Max at Slow Process Corner
  Data Path Delay:        2.639ns  (logic 0.718ns (27.208%)  route 1.921ns (72.792%))
  Logic Levels:           1  (LUT2=1)
  Clock Uncertainty:      0.025ns  ((TSJ^2 + TIJ^2)^1/2 + DJ) / 2 + PE
    Total System Jitter     (TSJ):    0.050ns
    Total Input Jitter      (TIJ):    0.000ns
    Discrete Jitter          (DJ):    0.000ns
    Phase Error              (PE):    0.000ns

    Location             Delay type                Incr(ns)  Path(ns)    Netlist Resource(s)
  -------------------------------------------------------------------    -------------------
                         (clock clk rise edge)        0.000     0.000 r  
                                                      0.000     0.000 r  clk (IN)
                         net (fo=974, unset)          0.973     0.973    u_core/u_gen/u_core/clk
    SLICE_X27Y27         FDRE                                         r  u_core/u_gen/u_core/keystream_data_reg[7]/C
  -------------------------------------------------------------------    -------------------
    SLICE_X27Y27         FDRE (Prop_fdre_C_Q)         0.419     1.392 r  u_core/u_gen/u_core/keystream_data_reg[7]/Q
                         net (fo=1, routed)           0.948     2.340    u_core/key_data[7]
    SLICE_X26Y29         LUT2 (Prop_lut2_I0_O)        0.299     2.639 r  u_core/m_data[7]_INST_0/O
                         net (fo=0)                   0.973     3.612    m_data[7]
                                                                      r  m_data[7] (OUT)
  -------------------------------------------------------------------    -------------------





--------------------------------------------------------------------------------------
Path Group:  (none)
From Clock:  
  To Clock:  clk

Max Delay          1245 Endpoints
Min Delay             0 Endpoints
--------------------------------------------------------------------------------------


Max Delay Paths
--------------------------------------------------------------------------------------
Slack:                    inf
  Source:                 rstn
                            (input port)
  Destination:            u_core/u_gen/u_core/u_sigma_mul/ad_q_reg[1]__0/R
                            (rising edge-triggered cell FDRE clocked by clk  {rise@0.000ns fall@10.000ns period=20.000ns})
  Path Group:             (none)
  Path Type:              Setup (Max at Slow Process Corner)
  Data Path Delay:        5.530ns  (logic 0.124ns (2.242%)  route 5.406ns (97.758%))
  Logic Levels:           1  (LUT1=1)
  Clock Path Skew:        0.924ns (DCD - SCD + CPR)
    Destination Clock Delay (DCD):    0.924ns
    Source Clock Delay      (SCD):    0.000ns
    Clock Pessimism Removal (CPR):    0.000ns

    Location             Delay type                Incr(ns)  Path(ns)    Netlist Resource(s)
  -------------------------------------------------------------------    -------------------
                                                      0.000     0.000 f  rstn (IN)
                         net (fo=10, unset)           0.973     0.973    u_core/u_gen/u_core/u_sigma_mul/rstn
    SLICE_X13Y28         LUT1 (Prop_lut1_I0_O)        0.124     1.097 r  u_core/u_gen/u_core/u_sigma_mul/p_re[31]_i_1/O
                         net (fo=208, routed)         4.433     5.530    u_core/u_gen/u_core/u_sigma_mul/p_0_in
    SLICE_X14Y11         FDRE                                         r  u_core/u_gen/u_core/u_sigma_mul/ad_q_reg[1]__0/R
  -------------------------------------------------------------------    -------------------

                         (clock clk rise edge)        0.000     0.000 r  
                                                      0.000     0.000 r  clk (IN)
                         net (fo=974, unset)          0.924     0.924    u_core/u_gen/u_core/u_sigma_mul/clk
    SLICE_X14Y11         FDRE                                         r  u_core/u_gen/u_core/u_sigma_mul/ad_q_reg[1]__0/C





