Copyright 1986-2020 Xilinx, Inc. All Rights Reserved.
------------------------------------------------------------------------------------------------------------------------------------------------------------------------------------------------
| Tool Version : Vivado v.2020.2 (win64) Build 3064766 Wed Nov 18 09:12:45 MST 2020
| Date         : Fri Jul 10 15:39:04 2026
| Host         : DESKTOP-5C0BNO8 running 64-bit major release  (build 9200)
| Device       : 7z020-clg400
| Speed File   : -1  PRODUCTION 1.12 2019-11-22
------------------------------------------------------------------------------------------------------------------------------------------------------------------------------------------------

Timing Summary Report

------------------------------------------------------------------------------------------------
| Timer Settings
| --------------
------------------------------------------------------------------------------------------------

  Enable Multi Corner Analysis               :  Yes
  Enable Pessimism Removal                   :  Yes
  Pessimism Removal Resolution               :  Nearest Common Node
  Enable Input Delay Default Clock           :  No
  Enable Preset / Clear Arcs                 :  No
  Disable Flight Delays                      :  No
  Ignore I/O Paths                           :  No
  Timing Early Launch at Borrowing Latches   :  No
  Borrow Time for Max Delay Exceptions       :  Yes
  Merge Timing Exceptions                    :  Yes

  Corner  Analyze    Analyze    
  Name    Max Paths  Min Paths  
  ------  ---------  ---------  
  Slow    Yes        Yes        
  Fast    Yes        Yes        



check_timing report

Table of Contents
-----------------
1. checking no_clock (0)
2. checking constant_clock (0)
3. checking pulse_width_clock (0)
4. checking unconstrained_internal_endpoints (0)
5. checking no_input_delay (52)
6. checking no_output_delay (114)
7. checking multiple_clock (0)
8. checking generated_clocks (0)
9. checking loops (0)
10. checking partial_input_delay (0)
11. checking partial_output_delay (0)
12. checking latch_loops (0)

1. checking no_clock (0)
------------------------
 There are 0 register/latch pins with no clock.


2. checking constant_clock (0)
------------------------------
 There are 0 register/latch pins with constant_clock.


3. checking pulse_width_clock (0)
---------------------------------
 There are 0 register/latch pins which need pulse_width check


4. checking unconstrained_internal_endpoints (0)
------------------------------------------------
 There are 0 pins that are not constrained for maximum delay.

 There are 0 pins that are not constrained for maximum delay due to constant clock.


5. checking no_input_delay (52)
-------------------------------
 There are 52 input ports with no input delay specified. (HIGH)

 There are 0 input ports with no input delay but user has a false path constraint.


6. checking no_output_delay (114)
---------------------------------
 There are 114 ports with no output delay specified. (HIGH)

 There are 0 ports with no output delay but user has a false path constraint

 There are 0 ports with no output delay but with a timing clock defined on it or propagating through it


7. checking multiple_clock (0)
------------------------------
 There are 0 register/latch pins with multiple clocks.


8. checking generated_clocks (0)
--------------------------------
 There are 0 generated clocks that are not connected to a clock source.


9. checking loops (0)
---------------------
 There are 0 combinational loops in the design.


10. checking partial_input_delay (0)
------------------------------------
 There are 0 input ports with partial input delay specified.


11. checking partial_output_delay (0)
-------------------------------------
 There are 0 ports with partial output delay specified.


12. checking latch_loops (0)
----------------------------
 There are 0 combinational latch loops in the design through latch input



------------------------------------------------------------------------------------------------
| Design Timing Summary
| ---------------------
------------------------------------------------------------------------------------------------

    WNS(ns)      TNS(ns)  TNS Failing Endpoints  TNS Total Endpoints     WPWS(ns)     TPWS(ns)  TPWS Failing Endpoints  TPWS Total Endpoints  
    -------      -------  ---------------------  -------------------     --------     --------  ----------------------  --------------------  
      7.946        0.000                      0                13836        9.500        0.000                       0                  3852  


All user specified timing constraints are met.


------------------------------------------------------------------------------------------------
| Clock Summary
| -------------
------------------------------------------------------------------------------------------------

Clock  Waveform(ns)       Period(ns)      Frequency(MHz)
-----  ------------       ----------      --------------
clk    {0.000 10.000}     20.000          50.000          


------------------------------------------------------------------------------------------------
| Intra Clock Table
| -----------------
------------------------------------------------------------------------------------------------

Clock             WNS(ns)      TNS(ns)  TNS Failing Endpoints  TNS Total Endpoints     WPWS(ns)     TPWS(ns)  TPWS Failing Endpoints  TPWS Total Endpoints  
-----             -------      -------  ---------------------  -------------------     --------     --------  ----------------------  --------------------  
clk                 7.946        0.000                      0                13836        9.500        0.000                       0                  3852  


------------------------------------------------------------------------------------------------
| Inter Clock Table
| -----------------
------------------------------------------------------------------------------------------------

From Clock    To Clock          WNS(ns)      TNS(ns)  TNS Failing Endpoints  TNS Total Endpoints  
----------    --------          -------      -------  ---------------------  -------------------  


------------------------------------------------------------------------------------------------
| Other Path Groups Table
| -----------------------
------------------------------------------------------------------------------------------------

Path Group    From Clock    To Clock          WNS(ns)      TNS(ns)  TNS Failing Endpoints  TNS Total Endpoints  
----------    ----------    --------          -------      -------  ---------------------  -------------------  


------------------------------------------------------------------------------------------------
| User Ignored Path Table
| -----------------------
------------------------------------------------------------------------------------------------

Path Group    From Clock    To Clock    
----------    ----------    --------    


------------------------------------------------------------------------------------------------
| Unconstrained Path Table
| ------------------------
------------------------------------------------------------------------------------------------

Path Group    From Clock    To Clock    
----------    ----------    --------    
(none)                                    
(none)        clk                         
(none)                      clk           


------------------------------------------------------------------------------------------------
| Timing Details
| --------------
------------------------------------------------------------------------------------------------


---------------------------------------------------------------------------------------------------
From Clock:  clk
  To Clock:  clk

Setup :            0  Failing Endpoints,  Worst Slack        7.946ns,  Total Violation        0.000ns
Hold  :           NA  Failing Endpoints,  Worst Slack           NA  ,  Total Violation           NA
PW    :            0  Failing Endpoints,  Worst Slack        9.500ns,  Total Violation        0.000ns
---------------------------------------------------------------------------------------------------


Max Delay Paths
--------------------------------------------------------------------------------------
Slack (MET) :             7.946ns  (required time - arrival time)
  Source:                 u_core/u_gen/G_CORE[1].u_core/issue_idx_reg[1]/C
                            (rising edge-triggered cell FDRE clocked by clk  {rise@0.000ns fall@10.000ns period=20.000ns})
  Destination:            u_core/u_gen/G_CORE[1].u_core/u_branch_mul/ad_q_reg[0]/D
                            (rising edge-triggered cell FDRE clocked by clk  {rise@0.000ns fall@10.000ns period=20.000ns})
  Path Group:             clk
  Path Type:              Setup (Max at Slow Process Corner)
  Requirement:            20.000ns  (clk rise@20.000ns - clk rise@0.000ns)
  Data Path Delay:        11.912ns  (logic 4.236ns (35.561%)  route 7.676ns (64.439%))
  Logic Levels:           2  (DSP48E1=1 LUT3=1)
  Clock Path Skew:        -0.049ns (DCD - SCD + CPR)
    Destination Clock Delay (DCD):    0.924ns = ( 20.924 - 20.000 ) 
    Source Clock Delay      (SCD):    0.973ns
    Clock Pessimism Removal (CPR):    0.000ns
  Clock Uncertainty:      0.035ns  ((TSJ^2 + TIJ^2)^1/2 + DJ) / 2 + PE
    Total System Jitter     (TSJ):    0.071ns
    Total Input Jitter      (TIJ):    0.000ns
    Discrete Jitter          (DJ):    0.000ns
    Phase Error              (PE):    0.000ns

    Location             Delay type                Incr(ns)  Path(ns)    Netlist Resource(s)
  -------------------------------------------------------------------    -------------------
                         (clock clk rise edge)        0.000     0.000 r  
                                                      0.000     0.000 r  clk (IN)
                         net (fo=3851, unset)         0.973     0.973    u_core/u_gen/G_CORE[1].u_core/clk
    SLICE_X51Y99         FDRE                                         r  u_core/u_gen/G_CORE[1].u_core/issue_idx_reg[1]/C
  -------------------------------------------------------------------    -------------------
    SLICE_X51Y99         FDRE (Prop_fdre_C_Q)         0.456     1.429 f  u_core/u_gen/G_CORE[1].u_core/issue_idx_reg[1]/Q
                         net (fo=7, routed)           0.980     2.409    u_core/u_gen/G_CORE[1].u_core/u_coeff/idx[1]
    SLICE_X51Y100        LUT3 (Prop_lut3_I2_O)        0.124     2.533 r  u_core/u_gen/G_CORE[1].u_core/u_coeff/coeff_im[31]_INST_0/O
                         net (fo=168, routed)         5.047     7.580    u_core/u_gen/G_CORE[1].u_core/u_branch_mul/a_im[31]
    DSP48_X3Y52          DSP48E1 (Prop_dsp48e1_B[5]_P[0])
                                                      3.656    11.236 r  u_core/u_gen/G_CORE[1].u_core/u_branch_mul/ad_q0/P[0]
                         net (fo=1, routed)           1.649    12.885    u_core/u_gen/G_CORE[1].u_core/u_branch_mul/ad_q0_n_105
    SLICE_X94Y120        FDRE                                         r  u_core/u_gen/G_CORE[1].u_core/u_branch_mul/ad_q_reg[0]/D
  -------------------------------------------------------------------    -------------------

                         (clock clk rise edge)       20.000    20.000 r  
                                                      0.000    20.000 r  clk (IN)
                         net (fo=3851, unset)         0.924    20.924    u_core/u_gen/G_CORE[1].u_core/u_branch_mul/clk
    SLICE_X94Y120        FDRE                                         r  u_core/u_gen/G_CORE[1].u_core/u_branch_mul/ad_q_reg[0]/C
                         clock pessimism              0.000    20.924    
                         clock uncertainty           -0.035    20.889    
    SLICE_X94Y120        FDRE (Setup_fdre_C_D)       -0.058    20.831    u_core/u_gen/G_CORE[1].u_core/u_branch_mul/ad_q_reg[0]
  -------------------------------------------------------------------
                         required time                         20.831    
                         arrival time                         -12.885    
  -------------------------------------------------------------------
                         slack                                  7.946    





Pulse Width Checks
--------------------------------------------------------------------------------------
Clock Name:         clk
Waveform(ns):       { 0.000 10.000 }
Period(ns):         20.000
Sources:            { clk }

Check Type        Corner  Lib Pin      Reference Pin  Required(ns)  Actual(ns)  Slack(ns)  Location      Pin
Min Period        n/a     DSP48E1/CLK  n/a            2.154         20.000      17.846     DSP48_X2Y51   u_core/u_gen/G_CORE[1].u_core/u_sigma_mul/bd_q_reg/CLK
Low Pulse Width   Slow    FDRE/C       n/a            0.500         10.000      9.500      SLICE_X93Y58  u_core/u_gen/G_CORE[3].u_core/u_branch_mul/bd_q_reg[0]/C
High Pulse Width  Slow    FDRE/C       n/a            0.500         10.000      9.500      SLICE_X93Y58  u_core/u_gen/G_CORE[3].u_core/u_branch_mul/bd_q_reg[0]/C



--------------------------------------------------------------------------------------
Path Group:  (none)
From Clock:  
  To Clock:  

Max Delay             1 Endpoint
Min Delay             0 Endpoints
--------------------------------------------------------------------------------------


Max Delay Paths
--------------------------------------------------------------------------------------
Slack:                    inf
  Source:                 start
                            (input port)
  Destination:            s_ready
                            (output port)
  Path Group:             (none)
  Path Type:              Max at Slow Process Corner
  Data Path Delay:        5.054ns  (logic 0.474ns (9.378%)  route 4.580ns (90.622%))
  Logic Levels:           2  (LUT4=1 LUT6=1)

    Location             Delay type                Incr(ns)  Path(ns)    Netlist Resource(s)
  -------------------------------------------------------------------    -------------------
                                                      0.000     0.000 r  start (IN)
                         net (fo=17, unset)           0.973     0.973    u_core/u_gen/G_CORE[1].u_core/start
    SLICE_X50Y99         LUT4 (Prop_lut4_I3_O)        0.146     1.119 r  u_core/u_gen/G_CORE[1].u_core/req_ready_INST_0/O
                         net (fo=1, routed)           2.634     3.753    u_core/u_gen/ready_v[1]
    SLICE_X50Y48         LUT6 (Prop_lut6_I0_O)        0.328     4.081 r  u_core/u_gen/req_ready_INST_0/O
                         net (fo=2, unset)            0.973     5.054    s_ready
                                                                      r  s_ready (OUT)
  -------------------------------------------------------------------    -------------------





--------------------------------------------------------------------------------------
Path Group:  (none)
From Clock:  clk
  To Clock:  

Max Delay           114 Endpoints
Min Delay             0 Endpoints
--------------------------------------------------------------------------------------


Max Delay Paths
--------------------------------------------------------------------------------------
Slack:                    inf
  Source:                 u_core/u_gen/G_CORE[1].u_core/FSM_sequential_state_reg[1]/C
                            (rising edge-triggered cell FDRE clocked by clk  {rise@0.000ns fall@10.000ns period=20.000ns})
  Destination:            s_ready
                            (output port)
  Path Group:             (none)
  Path Type:              Max at Slow Process Corner
  Data Path Delay:        5.504ns  (logic 0.932ns (16.933%)  route 4.572ns (83.067%))
  Logic Levels:           2  (LUT4=1 LUT6=1)
  Clock Uncertainty:      0.025ns  ((TSJ^2 + TIJ^2)^1/2 + DJ) / 2 + PE
    Total System Jitter     (TSJ):    0.050ns
    Total Input Jitter      (TIJ):    0.000ns
    Discrete Jitter          (DJ):    0.000ns
    Phase Error              (PE):    0.000ns

    Location             Delay type                Incr(ns)  Path(ns)    Netlist Resource(s)
  -------------------------------------------------------------------    -------------------
                         (clock clk rise edge)        0.000     0.000 r  
                                                      0.000     0.000 r  clk (IN)
                         net (fo=3851, unset)         0.973     0.973    u_core/u_gen/G_CORE[1].u_core/clk
    SLICE_X52Y100        FDRE                                         r  u_core/u_gen/G_CORE[1].u_core/FSM_sequential_state_reg[1]/C
  -------------------------------------------------------------------    -------------------
    SLICE_X52Y100        FDRE (Prop_fdre_C_Q)         0.456     1.429 f  u_core/u_gen/G_CORE[1].u_core/FSM_sequential_state_reg[1]/Q
                         net (fo=15, routed)          0.964     2.393    u_core/u_gen/G_CORE[1].u_core/state[1]
    SLICE_X50Y99         LUT4 (Prop_lut4_I0_O)        0.148     2.541 r  u_core/u_gen/G_CORE[1].u_core/req_ready_INST_0/O
                         net (fo=1, routed)           2.634     5.176    u_core/u_gen/ready_v[1]
    SLICE_X50Y48         LUT6 (Prop_lut6_I0_O)        0.328     5.504 r  u_core/u_gen/req_ready_INST_0/O
                         net (fo=2, unset)            0.973     6.477    s_ready
                                                                      r  s_ready (OUT)
  -------------------------------------------------------------------    -------------------





--------------------------------------------------------------------------------------
Path Group:  (none)
From Clock:  
  To Clock:  clk

Max Delay          4368 Endpoints
Min Delay             0 Endpoints
--------------------------------------------------------------------------------------


Max Delay Paths
--------------------------------------------------------------------------------------
Slack:                    inf
  Source:                 start
                            (input port)
  Destination:            u_core/u_gen/G_CORE[1].u_core/base_re_q_reg[29]/CE
                            (rising edge-triggered cell FDRE clocked by clk  {rise@0.000ns fall@10.000ns period=20.000ns})
  Path Group:             (none)
  Path Type:              Setup (Max at Slow Process Corner)
  Data Path Delay:        10.817ns  (logic 0.715ns (6.610%)  route 10.102ns (93.390%))
  Logic Levels:           4  (LUT2=1 LUT4=1 LUT5=1 LUT6=1)
  Clock Path Skew:        0.924ns (DCD - SCD + CPR)
    Destination Clock Delay (DCD):    0.924ns
    Source Clock Delay      (SCD):    0.000ns
    Clock Pessimism Removal (CPR):    0.000ns

    Location             Delay type                Incr(ns)  Path(ns)    Netlist Resource(s)
  -------------------------------------------------------------------    -------------------
                                                      0.000     0.000 r  start (IN)
                         net (fo=17, unset)           0.973     0.973    u_core/u_gen/G_CORE[1].u_core/start
    SLICE_X50Y99         LUT4 (Prop_lut4_I3_O)        0.146     1.119 r  u_core/u_gen/G_CORE[1].u_core/req_ready_INST_0/O
                         net (fo=1, routed)           2.634     3.753    u_core/u_gen/ready_v[1]
    SLICE_X50Y48         LUT6 (Prop_lut6_I0_O)        0.328     4.081 r  u_core/u_gen/req_ready_INST_0/O
                         net (fo=2, routed)           0.897     4.978    u_core/u_gen/req_ready
    SLICE_X50Y48         LUT2 (Prop_lut2_I1_O)        0.124     5.102 r  u_core/u_gen/G_CORE[5].u_core_i_1/O
                         net (fo=12, routed)          3.650     8.753    u_core/u_gen/G_CORE[1].u_core/req_valid
    SLICE_X50Y99         LUT5 (Prop_lut5_I2_O)        0.117     8.870 r  u_core/u_gen/G_CORE[1].u_core/base_re_q[31]_i_1/O
                         net (fo=64, routed)          1.947    10.817    u_core/u_gen/G_CORE[1].u_core/base_re_q
    SLICE_X51Y116        FDRE                                         r  u_core/u_gen/G_CORE[1].u_core/base_re_q_reg[29]/CE
  -------------------------------------------------------------------    -------------------

                         (clock clk rise edge)        0.000     0.000 r  
                                                      0.000     0.000 r  clk (IN)
                         net (fo=3851, unset)         0.924     0.924    u_core/u_gen/G_CORE[1].u_core/clk
    SLICE_X51Y116        FDRE                                         r  u_core/u_gen/G_CORE[1].u_core/base_re_q_reg[29]/C





