Copyright 1986-2020 Xilinx, Inc. All Rights Reserved.
----------------------------------------------------------------------------------------------------------------------------------------------------------------------------------------
| Tool Version : Vivado v.2020.2 (win64) Build 3064766 Wed Nov 18 09:12:45 MST 2020
| Date         : Fri Jul 10 15:36:44 2026
| Host         : DESKTOP-5C0BNO8 running 64-bit major release  (build 9200)
| Device       : 7z020-clg400
| Speed File   : -1  PRODUCTION 1.12 2019-11-22
----------------------------------------------------------------------------------------------------------------------------------------------------------------------------------------

Timing Summary Report

------------------------------------------------------------------------------------------------
| Timer Settings
| --------------
------------------------------------------------------------------------------------------------

  Enable Multi Corner Analysis               :  Yes
  Enable Pessimism Removal                   :  Yes
  Pessimism Removal Resolution               :  Nearest Common Node
  Enable Input Delay Default Clock           :  No
  Enable Preset / Clear Arcs                 :  No
  Disable Flight Delays                      :  No
  Ignore I/O Paths                           :  No
  Timing Early Launch at Borrowing Latches   :  No
  Borrow Time for Max Delay Exceptions       :  Yes
  Merge Timing Exceptions                    :  Yes

  Corner  Analyze    Analyze    
  Name    Max Paths  Min Paths  
  ------  ---------  ---------  
  Slow    Yes        Yes        
  Fast    Yes        Yes        



check_timing report

Table of Contents
-----------------
1. checking no_clock (0)
2. checking constant_clock (0)
3. checking pulse_width_clock (0)
4. checking unconstrained_internal_endpoints (0)
5. checking no_input_delay (44)
6. checking no_output_delay (106)
7. checking multiple_clock (0)
8. checking generated_clocks (0)
9. checking loops (0)
10. checking partial_input_delay (0)
11. checking partial_output_delay (0)
12. checking latch_loops (0)

1. checking no_clock (0)
------------------------
 There are 0 register/latch pins with no clock.


2. checking constant_clock (0)
------------------------------
 There are 0 register/latch pins with constant_clock.


3. checking pulse_width_clock (0)
---------------------------------
 There are 0 register/latch pins which need pulse_width check


4. checking unconstrained_internal_endpoints (0)
------------------------------------------------
 There are 0 pins that are not constrained for maximum delay.

 There are 0 pins that are not constrained for maximum delay due to constant clock.


5. checking no_input_delay (44)
-------------------------------
 There are 44 input ports with no input delay specified. (HIGH)

 There are 0 input ports with no input delay but user has a false path constraint.


6. checking no_output_delay (106)
---------------------------------
 There are 106 ports with no output delay specified. (HIGH)

 There are 0 ports with no output delay but user has a false path constraint

 There are 0 ports with no output delay but with a timing clock defined on it or propagating through it


7. checking multiple_clock (0)
------------------------------
 There are 0 register/latch pins with multiple clocks.


8. checking generated_clocks (0)
--------------------------------
 There are 0 generated clocks that are not connected to a clock source.


9. checking loops (0)
---------------------
 There are 0 combinational loops in the design.


10. checking partial_input_delay (0)
------------------------------------
 There are 0 input ports with partial input delay specified.


11. checking partial_output_delay (0)
-------------------------------------
 There are 0 ports with partial output delay specified.


12. checking latch_loops (0)
----------------------------
 There are 0 combinational latch loops in the design through latch input



------------------------------------------------------------------------------------------------
| Design Timing Summary
| ---------------------
------------------------------------------------------------------------------------------------

    WNS(ns)      TNS(ns)  TNS Failing Endpoints  TNS Total Endpoints     WPWS(ns)     TPWS(ns)  TPWS Failing Endpoints  TPWS Total Endpoints  
    -------      -------  ---------------------  -------------------     --------     --------  ----------------------  --------------------  
      5.222        0.000                      0                 2979        9.500        0.000                       0                   956  


All user specified timing constraints are met.


------------------------------------------------------------------------------------------------
| Clock Summary
| -------------
------------------------------------------------------------------------------------------------

Clock  Waveform(ns)       Period(ns)      Frequency(MHz)
-----  ------------       ----------      --------------
clk    {0.000 10.000}     20.000          50.000          


------------------------------------------------------------------------------------------------
| Intra Clock Table
| -----------------
------------------------------------------------------------------------------------------------

Clock             WNS(ns)      TNS(ns)  TNS Failing Endpoints  TNS Total Endpoints     WPWS(ns)     TPWS(ns)  TPWS Failing Endpoints  TPWS Total Endpoints  
-----             -------      -------  ---------------------  -------------------     --------     --------  ----------------------  --------------------  
clk                 5.222        0.000                      0                 2979        9.500        0.000                       0                   956  


------------------------------------------------------------------------------------------------
| Inter Clock Table
| -----------------
------------------------------------------------------------------------------------------------

From Clock    To Clock          WNS(ns)      TNS(ns)  TNS Failing Endpoints  TNS Total Endpoints  
----------    --------          -------      -------  ---------------------  -------------------  


------------------------------------------------------------------------------------------------
| Other Path Groups Table
| -----------------------
------------------------------------------------------------------------------------------------

Path Group    From Clock    To Clock          WNS(ns)      TNS(ns)  TNS Failing Endpoints  TNS Total Endpoints  
----------    ----------    --------          -------      -------  ---------------------  -------------------  


------------------------------------------------------------------------------------------------
| User Ignored Path Table
| -----------------------
------------------------------------------------------------------------------------------------

Path Group    From Clock    To Clock    
----------    ----------    --------    


------------------------------------------------------------------------------------------------
| Unconstrained Path Table
| ------------------------
------------------------------------------------------------------------------------------------

Path Group    From Clock    To Clock    
----------    ----------    --------    
(none)                                    
(none)        clk                         
(none)                      clk           


------------------------------------------------------------------------------------------------
| Timing Details
| --------------
------------------------------------------------------------------------------------------------


---------------------------------------------------------------------------------------------------
From Clock:  clk
  To Clock:  clk

Setup :            0  Failing Endpoints,  Worst Slack        5.222ns,  Total Violation        0.000ns
Hold  :           NA  Failing Endpoints,  Worst Slack           NA  ,  Total Violation           NA
PW    :            0  Failing Endpoints,  Worst Slack        9.500ns,  Total Violation        0.000ns
---------------------------------------------------------------------------------------------------


Max Delay Paths
--------------------------------------------------------------------------------------
Slack (MET) :             5.222ns  (required time - arrival time)
  Source:                 u_core/u_gen/u_core/issue_idx_reg[1]/C
                            (rising edge-triggered cell FDRE clocked by clk  {rise@0.000ns fall@10.000ns period=20.000ns})
  Destination:            u_core/u_gen/u_core/u_branch_mul/ac_q_reg[53]/D
                            (rising edge-triggered cell FDRE clocked by clk  {rise@0.000ns fall@10.000ns period=20.000ns})
  Path Group:             clk
  Path Type:              Setup (Max at Slow Process Corner)
  Requirement:            20.000ns  (clk rise@20.000ns - clk rise@0.000ns)
  Data Path Delay:        14.803ns  (logic 8.236ns (55.637%)  route 6.567ns (44.363%))
  Logic Levels:           15  (CARRY4=10 DSP48E1=2 LUT3=1 LUT4=1 LUT6=1)
  Clock Path Skew:        -0.049ns (DCD - SCD + CPR)
    Destination Clock Delay (DCD):    0.924ns = ( 20.924 - 20.000 ) 
    Source Clock Delay      (SCD):    0.973ns
    Clock Pessimism Removal (CPR):    0.000ns
  Clock Uncertainty:      0.035ns  ((TSJ^2 + TIJ^2)^1/2 + DJ) / 2 + PE
    Total System Jitter     (TSJ):    0.071ns
    Total Input Jitter      (TIJ):    0.000ns
    Discrete Jitter          (DJ):    0.000ns
    Phase Error              (PE):    0.000ns

    Location             Delay type                Incr(ns)  Path(ns)    Netlist Resource(s)
  -------------------------------------------------------------------    -------------------
                         (clock clk rise edge)        0.000     0.000 r  
                                                      0.000     0.000 r  clk (IN)
                         net (fo=955, unset)          0.973     0.973    u_core/u_gen/u_core/clk
    SLICE_X26Y27         FDRE                                         r  u_core/u_gen/u_core/issue_idx_reg[1]/C
  -------------------------------------------------------------------    -------------------
    SLICE_X26Y27         FDRE (Prop_fdre_C_Q)         0.518     1.491 r  u_core/u_gen/u_core/issue_idx_reg[1]/Q
                         net (fo=9, routed)           0.907     2.398    u_core/u_gen/u_core/issue_idx[1]
    SLICE_X26Y26         LUT6 (Prop_lut6_I1_O)        0.124     2.522 f  u_core/u_gen/u_core/G_COEFF_5.u_coeff_i_3/O
                         net (fo=17, routed)          1.699     4.221    u_core/u_gen/u_core/G_COEFF_5.u_coeff/idx[0]
    SLICE_X24Y19         LUT3 (Prop_lut3_I0_O)        0.124     4.345 r  u_core/u_gen/u_core/G_COEFF_5.u_coeff/coeff_im[17]_INST_0/O
                         net (fo=20, routed)          2.538     6.883    u_core/u_gen/u_core/u_branch_mul/a_im[17]
    DSP48_X2Y4           DSP48E1 (Prop_dsp48e1_A[15]_PCOUT[47])
                                                      4.036    10.919 r  u_core/u_gen/u_core/u_branch_mul/ac_q0/PCOUT[47]
                         net (fo=1, routed)           0.002    10.921    u_core/u_gen/u_core/u_branch_mul/ac_q0_n_106
    DSP48_X2Y5           DSP48E1 (Prop_dsp48e1_PCIN[47]_P[0])
                                                      1.518    12.439 r  u_core/u_gen/u_core/u_branch_mul/ac_q0__0/P[0]
                         net (fo=1, routed)           1.421    13.860    u_core/u_gen/u_core/u_branch_mul/ac_q0__0_n_105
    SLICE_X34Y15         LUT4 (Prop_lut4_I1_O)        0.124    13.984 r  u_core/u_gen/u_core/u_branch_mul/ac_q[19]_i_7/O
                         net (fo=1, routed)           0.000    13.984    u_core/u_gen/u_core/u_branch_mul/ac_q[19]_i_7_n_0
    SLICE_X34Y15         CARRY4 (Prop_carry4_S[1]_CO[3])
                                                      0.533    14.517 r  u_core/u_gen/u_core/u_branch_mul/ac_q_reg[19]_i_1/CO[3]
                         net (fo=1, routed)           0.000    14.517    u_core/u_gen/u_core/u_branch_mul/ac_q_reg[19]_i_1_n_0
    SLICE_X34Y16         CARRY4 (Prop_carry4_CI_CO[3])
                                                      0.117    14.634 r  u_core/u_gen/u_core/u_branch_mul/ac_q_reg[23]_i_1/CO[3]
                         net (fo=1, routed)           0.000    14.634    u_core/u_gen/u_core/u_branch_mul/ac_q_reg[23]_i_1_n_0
    SLICE_X34Y17         CARRY4 (Prop_carry4_CI_CO[3])
                                                      0.117    14.751 r  u_core/u_gen/u_core/u_branch_mul/ac_q_reg[27]_i_1/CO[3]
                         net (fo=1, routed)           0.000    14.751    u_core/u_gen/u_core/u_branch_mul/ac_q_reg[27]_i_1_n_0
    SLICE_X34Y18         CARRY4 (Prop_carry4_CI_CO[3])
                                                      0.117    14.868 r  u_core/u_gen/u_core/u_branch_mul/ac_q_reg[31]_i_1/CO[3]
                         net (fo=1, routed)           0.000    14.868    u_core/u_gen/u_core/u_branch_mul/ac_q_reg[31]_i_1_n_0
    SLICE_X34Y19         CARRY4 (Prop_carry4_CI_CO[3])
                                                      0.117    14.985 r  u_core/u_gen/u_core/u_branch_mul/ac_q_reg[35]_i_1/CO[3]
                         net (fo=1, routed)           0.000    14.985    u_core/u_gen/u_core/u_branch_mul/ac_q_reg[35]_i_1_n_0
    SLICE_X34Y20         CARRY4 (Prop_carry4_CI_CO[3])
                                                      0.117    15.102 r  u_core/u_gen/u_core/u_branch_mul/ac_q_reg[39]_i_1/CO[3]
                         net (fo=1, routed)           0.000    15.102    u_core/u_gen/u_core/u_branch_mul/ac_q_reg[39]_i_1_n_0
    SLICE_X34Y21         CARRY4 (Prop_carry4_CI_CO[3])
                                                      0.117    15.219 r  u_core/u_gen/u_core/u_branch_mul/ac_q_reg[43]_i_1/CO[3]
                         net (fo=1, routed)           0.000    15.219    u_core/u_gen/u_core/u_branch_mul/ac_q_reg[43]_i_1_n_0
    SLICE_X34Y22         CARRY4 (Prop_carry4_CI_CO[3])
                                                      0.117    15.336 r  u_core/u_gen/u_core/u_branch_mul/ac_q_reg[47]_i_1/CO[3]
                         net (fo=1, routed)           0.000    15.336    u_core/u_gen/u_core/u_branch_mul/ac_q_reg[47]_i_1_n_0
    SLICE_X34Y23         CARRY4 (Prop_carry4_CI_CO[3])
                                                      0.117    15.453 r  u_core/u_gen/u_core/u_branch_mul/ac_q_reg[51]_i_1/CO[3]
                         net (fo=1, routed)           0.000    15.453    u_core/u_gen/u_core/u_branch_mul/ac_q_reg[51]_i_1_n_0
    SLICE_X34Y24         CARRY4 (Prop_carry4_CI_O[1])
                                                      0.323    15.776 r  u_core/u_gen/u_core/u_branch_mul/ac_q_reg[55]_i_1/O[1]
                         net (fo=1, routed)           0.000    15.776    u_core/u_gen/u_core/u_branch_mul/ac_q_reg[55]_i_1_n_6
    SLICE_X34Y24         FDRE                                         r  u_core/u_gen/u_core/u_branch_mul/ac_q_reg[53]/D
  -------------------------------------------------------------------    -------------------

                         (clock clk rise edge)       20.000    20.000 r  
                                                      0.000    20.000 r  clk (IN)
                         net (fo=955, unset)          0.924    20.924    u_core/u_gen/u_core/u_branch_mul/clk
    SLICE_X34Y24         FDRE                                         r  u_core/u_gen/u_core/u_branch_mul/ac_q_reg[53]/C
                         clock pessimism              0.000    20.924    
                         clock uncertainty           -0.035    20.889    
    SLICE_X34Y24         FDRE (Setup_fdre_C_D)        0.109    20.998    u_core/u_gen/u_core/u_branch_mul/ac_q_reg[53]
  -------------------------------------------------------------------
                         required time                         20.998    
                         arrival time                         -15.776    
  -------------------------------------------------------------------
                         slack                                  5.222    





Pulse Width Checks
--------------------------------------------------------------------------------------
Clock Name:         clk
Waveform(ns):       { 0.000 10.000 }
Period(ns):         20.000
Sources:            { clk }

Check Type        Corner  Lib Pin      Reference Pin  Required(ns)  Actual(ns)  Slack(ns)  Location      Pin
Min Period        n/a     DSP48E1/CLK  n/a            2.154         20.000      17.846     DSP48_X1Y9    u_core/u_gen/u_core/u_branch_mul/ad_q_reg/CLK
Low Pulse Width   Slow    FDRE/C       n/a            0.500         10.000      9.500      SLICE_X36Y21  u_core/u_gen/u_core/u_branch_mul/bd_q_reg[0]/C
High Pulse Width  Slow    FDRE/C       n/a            0.500         10.000      9.500      SLICE_X36Y21  u_core/u_gen/u_core/u_branch_mul/bd_q_reg[0]/C



--------------------------------------------------------------------------------------
Path Group:  (none)
From Clock:  
  To Clock:  

Max Delay             1 Endpoint
Min Delay             0 Endpoints
--------------------------------------------------------------------------------------


Max Delay Paths
--------------------------------------------------------------------------------------
Slack:                    inf
  Source:                 start
                            (input port)
  Destination:            s_ready
                            (output port)
  Path Group:             (none)
  Path Type:              Max at Slow Process Corner
  Data Path Delay:        2.070ns  (logic 0.124ns (5.990%)  route 1.946ns (94.010%))
  Logic Levels:           1  (LUT5=1)

    Location             Delay type                Incr(ns)  Path(ns)    Netlist Resource(s)
  -------------------------------------------------------------------    -------------------
                                                      0.000     0.000 r  start (IN)
                         net (fo=2, unset)            0.973     0.973    u_core/u_gen/u_core/start
    SLICE_X30Y27         LUT5 (Prop_lut5_I4_O)        0.124     1.097 r  u_core/u_gen/u_core/req_ready_INST_0/O
                         net (fo=1, unset)            0.973     2.070    s_ready
                                                                      r  s_ready (OUT)
  -------------------------------------------------------------------    -------------------





--------------------------------------------------------------------------------------
Path Group:  (none)
From Clock:  clk
  To Clock:  

Max Delay           106 Endpoints
Min Delay             0 Endpoints
--------------------------------------------------------------------------------------


Max Delay Paths
--------------------------------------------------------------------------------------
Slack:                    inf
  Source:                 u_core/u_gen/u_core/state_reg[0]/C
                            (rising edge-triggered cell FDRE clocked by clk  {rise@0.000ns fall@10.000ns period=20.000ns})
  Destination:            s_ready
                            (output port)
  Path Group:             (none)
  Path Type:              Max at Slow Process Corner
  Data Path Delay:        2.913ns  (logic 0.580ns (19.914%)  route 2.333ns (80.086%))
  Logic Levels:           1  (LUT5=1)
  Clock Uncertainty:      0.025ns  ((TSJ^2 + TIJ^2)^1/2 + DJ) / 2 + PE
    Total System Jitter     (TSJ):    0.050ns
    Total Input Jitter      (TIJ):    0.000ns
    Discrete Jitter          (DJ):    0.000ns
    Phase Error              (PE):    0.000ns

    Location             Delay type                Incr(ns)  Path(ns)    Netlist Resource(s)
  -------------------------------------------------------------------    -------------------
                         (clock clk rise edge)        0.000     0.000 r  
                                                      0.000     0.000 r  clk (IN)
                         net (fo=955, unset)          0.973     0.973    u_core/u_gen/u_core/clk
    SLICE_X27Y28         FDRE                                         r  u_core/u_gen/u_core/state_reg[0]/C
  -------------------------------------------------------------------    -------------------
    SLICE_X27Y28         FDRE (Prop_fdre_C_Q)         0.456     1.429 f  u_core/u_gen/u_core/state_reg[0]/Q
                         net (fo=21, routed)          1.360     2.789    u_core/u_gen/u_core/state_reg_n_0_[0]
    SLICE_X30Y27         LUT5 (Prop_lut5_I1_O)        0.124     2.913 r  u_core/u_gen/u_core/req_ready_INST_0/O
                         net (fo=1, unset)            0.973     3.886    s_ready
                                                                      r  s_ready (OUT)
  -------------------------------------------------------------------    -------------------





--------------------------------------------------------------------------------------
Path Group:  (none)
From Clock:  
  To Clock:  clk

Max Delay          1207 Endpoints
Min Delay             0 Endpoints
--------------------------------------------------------------------------------------


Max Delay Paths
--------------------------------------------------------------------------------------
Slack:                    inf
  Source:                 rstn
                            (input port)
  Destination:            u_core/u_gen/u_core/u_branch_mul/bd_q_reg__0/RSTP
                            (rising edge-triggered cell DSP48E1 clocked by clk  {rise@0.000ns fall@10.000ns period=20.000ns})
  Path Group:             (none)
  Path Type:              Setup (Max at Slow Process Corner)
  Data Path Delay:        4.845ns  (logic 0.124ns (2.560%)  route 4.721ns (97.440%))
  Logic Levels:           1  (LUT3=1)
  Clock Path Skew:        0.924ns (DCD - SCD + CPR)
    Destination Clock Delay (DCD):    0.924ns
    Source Clock Delay      (SCD):    0.000ns
    Clock Pessimism Removal (CPR):    0.000ns

    Location             Delay type                Incr(ns)  Path(ns)    Netlist Resource(s)
  -------------------------------------------------------------------    -------------------
                                                      0.000     0.000 f  rstn (IN)
                         net (fo=10, unset)           0.973     0.973    u_core/u_gen/u_core/u_branch_mul/rstn
    SLICE_X22Y30         LUT3 (Prop_lut3_I2_O)        0.124     1.097 r  u_core/u_gen/u_core/u_branch_mul/bd_q[16]_i_1/O
                         net (fo=108, routed)         3.748     4.845    u_core/u_gen/u_core/u_branch_mul/bd_q[16]_i_1_n_0
    DSP48_X2Y13          DSP48E1                                      r  u_core/u_gen/u_core/u_branch_mul/bd_q_reg__0/RSTP
  -------------------------------------------------------------------    -------------------

                         (clock clk rise edge)        0.000     0.000 r  
                                                      0.000     0.000 r  clk (IN)
                         net (fo=955, unset)          0.924     0.924    u_core/u_gen/u_core/u_branch_mul/clk
    DSP48_X2Y13          DSP48E1                                      r  u_core/u_gen/u_core/u_branch_mul/bd_q_reg__0/CLK





