Copyright 1986-2020 Xilinx, Inc. All Rights Reserved.
----------------------------------------------------------------------------------------------------------------------------------------------------------------------------------------
| Tool Version : Vivado v.2020.2 (win64) Build 3064766 Wed Nov 18 09:12:45 MST 2020
| Date         : Fri Jul 10 15:35:24 2026
| Host         : DESKTOP-5C0BNO8 running 64-bit major release  (build 9200)
| Device       : 7z020-clg400
| Speed File   : -1  PRODUCTION 1.12 2019-11-22
----------------------------------------------------------------------------------------------------------------------------------------------------------------------------------------

Timing Summary Report

------------------------------------------------------------------------------------------------
| Timer Settings
| --------------
------------------------------------------------------------------------------------------------

  Enable Multi Corner Analysis               :  Yes
  Enable Pessimism Removal                   :  Yes
  Pessimism Removal Resolution               :  Nearest Common Node
  Enable Input Delay Default Clock           :  No
  Enable Preset / Clear Arcs                 :  No
  Disable Flight Delays                      :  No
  Ignore I/O Paths                           :  No
  Timing Early Launch at Borrowing Latches   :  No
  Borrow Time for Max Delay Exceptions       :  Yes
  Merge Timing Exceptions                    :  Yes

  Corner  Analyze    Analyze    
  Name    Max Paths  Min Paths  
  ------  ---------  ---------  
  Slow    Yes        Yes        
  Fast    Yes        Yes        



check_timing report

Table of Contents
-----------------
1. checking no_clock (0)
2. checking constant_clock (0)
3. checking pulse_width_clock (0)
4. checking unconstrained_internal_endpoints (0)
5. checking no_input_delay (36)
6. checking no_output_delay (98)
7. checking multiple_clock (0)
8. checking generated_clocks (0)
9. checking loops (0)
10. checking partial_input_delay (0)
11. checking partial_output_delay (0)
12. checking latch_loops (0)

1. checking no_clock (0)
------------------------
 There are 0 register/latch pins with no clock.


2. checking constant_clock (0)
------------------------------
 There are 0 register/latch pins with constant_clock.


3. checking pulse_width_clock (0)
---------------------------------
 There are 0 register/latch pins which need pulse_width check


4. checking unconstrained_internal_endpoints (0)
------------------------------------------------
 There are 0 pins that are not constrained for maximum delay.

 There are 0 pins that are not constrained for maximum delay due to constant clock.


5. checking no_input_delay (36)
-------------------------------
 There are 36 input ports with no input delay specified. (HIGH)

 There are 0 input ports with no input delay but user has a false path constraint.


6. checking no_output_delay (98)
--------------------------------
 There are 98 ports with no output delay specified. (HIGH)

 There are 0 ports with no output delay but user has a false path constraint

 There are 0 ports with no output delay but with a timing clock defined on it or propagating through it


7. checking multiple_clock (0)
------------------------------
 There are 0 register/latch pins with multiple clocks.


8. checking generated_clocks (0)
--------------------------------
 There are 0 generated clocks that are not connected to a clock source.


9. checking loops (0)
---------------------
 There are 0 combinational loops in the design.


10. checking partial_input_delay (0)
------------------------------------
 There are 0 input ports with partial input delay specified.


11. checking partial_output_delay (0)
-------------------------------------
 There are 0 ports with partial output delay specified.


12. checking latch_loops (0)
----------------------------
 There are 0 combinational latch loops in the design through latch input



------------------------------------------------------------------------------------------------
| Design Timing Summary
| ---------------------
------------------------------------------------------------------------------------------------

    WNS(ns)      TNS(ns)  TNS Failing Endpoints  TNS Total Endpoints     WPWS(ns)     TPWS(ns)  TPWS Failing Endpoints  TPWS Total Endpoints  
    -------      -------  ---------------------  -------------------     --------     --------  ----------------------  --------------------  
      5.553        0.000                      0                 2823        9.500        0.000                       0                   870  


All user specified timing constraints are met.


------------------------------------------------------------------------------------------------
| Clock Summary
| -------------
------------------------------------------------------------------------------------------------

Clock  Waveform(ns)       Period(ns)      Frequency(MHz)
-----  ------------       ----------      --------------
clk    {0.000 10.000}     20.000          50.000          


------------------------------------------------------------------------------------------------
| Intra Clock Table
| -----------------
------------------------------------------------------------------------------------------------

Clock             WNS(ns)      TNS(ns)  TNS Failing Endpoints  TNS Total Endpoints     WPWS(ns)     TPWS(ns)  TPWS Failing Endpoints  TPWS Total Endpoints  
-----             -------      -------  ---------------------  -------------------     --------     --------  ----------------------  --------------------  
clk                 5.553        0.000                      0                 2823        9.500        0.000                       0                   870  


------------------------------------------------------------------------------------------------
| Inter Clock Table
| -----------------
------------------------------------------------------------------------------------------------

From Clock    To Clock          WNS(ns)      TNS(ns)  TNS Failing Endpoints  TNS Total Endpoints  
----------    --------          -------      -------  ---------------------  -------------------  


------------------------------------------------------------------------------------------------
| Other Path Groups Table
| -----------------------
------------------------------------------------------------------------------------------------

Path Group    From Clock    To Clock          WNS(ns)      TNS(ns)  TNS Failing Endpoints  TNS Total Endpoints  
----------    ----------    --------          -------      -------  ---------------------  -------------------  


------------------------------------------------------------------------------------------------
| User Ignored Path Table
| -----------------------
------------------------------------------------------------------------------------------------

Path Group    From Clock    To Clock    
----------    ----------    --------    


------------------------------------------------------------------------------------------------
| Unconstrained Path Table
| ------------------------
------------------------------------------------------------------------------------------------

Path Group    From Clock    To Clock    
----------    ----------    --------    
(none)                                    
(none)        clk                         
(none)                      clk           


------------------------------------------------------------------------------------------------
| Timing Details
| --------------
------------------------------------------------------------------------------------------------


---------------------------------------------------------------------------------------------------
From Clock:  clk
  To Clock:  clk

Setup :            0  Failing Endpoints,  Worst Slack        5.553ns,  Total Violation        0.000ns
Hold  :           NA  Failing Endpoints,  Worst Slack           NA  ,  Total Violation           NA
PW    :            0  Failing Endpoints,  Worst Slack        9.500ns,  Total Violation        0.000ns
---------------------------------------------------------------------------------------------------


Max Delay Paths
--------------------------------------------------------------------------------------
Slack (MET) :             5.553ns  (required time - arrival time)
  Source:                 u_core/u_gen/u_core/issue_idx_reg[2]/C
                            (rising edge-triggered cell FDRE clocked by clk  {rise@0.000ns fall@10.000ns period=20.000ns})
  Destination:            u_core/u_gen/u_core/u_branch_mul/ac_q_reg[53]/D
                            (rising edge-triggered cell FDRE clocked by clk  {rise@0.000ns fall@10.000ns period=20.000ns})
  Path Group:             clk
  Path Type:              Setup (Max at Slow Process Corner)
  Requirement:            20.000ns  (clk rise@20.000ns - clk rise@0.000ns)
  Data Path Delay:        14.425ns  (logic 8.810ns (61.075%)  route 5.615ns (38.925%))
  Logic Levels:           15  (CARRY4=10 DSP48E1=2 LUT3=1 LUT4=1 LUT5=1)
  Clock Path Skew:        -0.049ns (DCD - SCD + CPR)
    Destination Clock Delay (DCD):    0.924ns = ( 20.924 - 20.000 ) 
    Source Clock Delay      (SCD):    0.973ns
    Clock Pessimism Removal (CPR):    0.000ns
  Clock Uncertainty:      0.035ns  ((TSJ^2 + TIJ^2)^1/2 + DJ) / 2 + PE
    Total System Jitter     (TSJ):    0.071ns
    Total Input Jitter      (TIJ):    0.000ns
    Discrete Jitter          (DJ):    0.000ns
    Phase Error              (PE):    0.000ns

    Location             Delay type                Incr(ns)  Path(ns)    Netlist Resource(s)
  -------------------------------------------------------------------    -------------------
                         (clock clk rise edge)        0.000     0.000 r  
                                                      0.000     0.000 r  clk (IN)
                         net (fo=869, unset)          0.973     0.973    u_core/u_gen/u_core/clk
    SLICE_X27Y32         FDRE                                         r  u_core/u_gen/u_core/issue_idx_reg[2]/C
  -------------------------------------------------------------------    -------------------
    SLICE_X27Y32         FDRE (Prop_fdre_C_Q)         0.419     1.392 f  u_core/u_gen/u_core/issue_idx_reg[2]/Q
                         net (fo=6, routed)           0.894     2.286    u_core/u_gen/u_core/issue_idx_reg_n_0_[2]
    SLICE_X27Y32         LUT5 (Prop_lut5_I0_O)        0.327     2.613 r  u_core/u_gen/u_core/G_COEFF_4.u_coeff_i_1/O
                         net (fo=12, routed)          0.705     3.319    u_core/u_gen/u_core/G_COEFF_4.u_coeff/coeff_im[0]
    SLICE_X26Y32         LUT3 (Prop_lut3_I0_O)        0.359     3.678 r  u_core/u_gen/u_core/G_COEFF_4.u_coeff/coeff_im[31]_INST_0/O
                         net (fo=116, routed)         2.864     6.541    u_core/u_gen/u_core/u_branch_mul/a_im[31]
    DSP48_X2Y8           DSP48E1 (Prop_dsp48e1_A[2]_PCOUT[47])
                                                      4.267    10.808 r  u_core/u_gen/u_core/u_branch_mul/ac_q0/PCOUT[47]
                         net (fo=1, routed)           0.002    10.810    u_core/u_gen/u_core/u_branch_mul/ac_q0_n_106
    DSP48_X2Y9           DSP48E1 (Prop_dsp48e1_PCIN[47]_P[0])
                                                      1.518    12.328 r  u_core/u_gen/u_core/u_branch_mul/ac_q0__0/P[0]
                         net (fo=1, routed)           1.140    13.469    u_core/u_gen/u_core/u_branch_mul/ac_q0__0_n_105
    SLICE_X35Y22         LUT4 (Prop_lut4_I1_O)        0.124    13.593 r  u_core/u_gen/u_core/u_branch_mul/ac_q[19]_i_7/O
                         net (fo=1, routed)           0.000    13.593    u_core/u_gen/u_core/u_branch_mul/ac_q[19]_i_7_n_0
    SLICE_X35Y22         CARRY4 (Prop_carry4_S[1]_CO[3])
                                                      0.550    14.143 r  u_core/u_gen/u_core/u_branch_mul/ac_q_reg[19]_i_1/CO[3]
                         net (fo=1, routed)           0.000    14.143    u_core/u_gen/u_core/u_branch_mul/ac_q_reg[19]_i_1_n_0
    SLICE_X35Y23         CARRY4 (Prop_carry4_CI_CO[3])
                                                      0.114    14.257 r  u_core/u_gen/u_core/u_branch_mul/ac_q_reg[23]_i_1/CO[3]
                         net (fo=1, routed)           0.000    14.257    u_core/u_gen/u_core/u_branch_mul/ac_q_reg[23]_i_1_n_0
    SLICE_X35Y24         CARRY4 (Prop_carry4_CI_CO[3])
                                                      0.114    14.371 r  u_core/u_gen/u_core/u_branch_mul/ac_q_reg[27]_i_1/CO[3]
                         net (fo=1, routed)           0.009    14.380    u_core/u_gen/u_core/u_branch_mul/ac_q_reg[27]_i_1_n_0
    SLICE_X35Y25         CARRY4 (Prop_carry4_CI_CO[3])
                                                      0.114    14.494 r  u_core/u_gen/u_core/u_branch_mul/ac_q_reg[31]_i_1/CO[3]
                         net (fo=1, routed)           0.000    14.494    u_core/u_gen/u_core/u_branch_mul/ac_q_reg[31]_i_1_n_0
    SLICE_X35Y26         CARRY4 (Prop_carry4_CI_CO[3])
                                                      0.114    14.608 r  u_core/u_gen/u_core/u_branch_mul/ac_q_reg[35]_i_1/CO[3]
                         net (fo=1, routed)           0.000    14.608    u_core/u_gen/u_core/u_branch_mul/ac_q_reg[35]_i_1_n_0
    SLICE_X35Y27         CARRY4 (Prop_carry4_CI_CO[3])
                                                      0.114    14.722 r  u_core/u_gen/u_core/u_branch_mul/ac_q_reg[39]_i_1/CO[3]
                         net (fo=1, routed)           0.000    14.722    u_core/u_gen/u_core/u_branch_mul/ac_q_reg[39]_i_1_n_0
    SLICE_X35Y28         CARRY4 (Prop_carry4_CI_CO[3])
                                                      0.114    14.836 r  u_core/u_gen/u_core/u_branch_mul/ac_q_reg[43]_i_1/CO[3]
                         net (fo=1, routed)           0.000    14.836    u_core/u_gen/u_core/u_branch_mul/ac_q_reg[43]_i_1_n_0
    SLICE_X35Y29         CARRY4 (Prop_carry4_CI_CO[3])
                                                      0.114    14.950 r  u_core/u_gen/u_core/u_branch_mul/ac_q_reg[47]_i_1/CO[3]
                         net (fo=1, routed)           0.000    14.950    u_core/u_gen/u_core/u_branch_mul/ac_q_reg[47]_i_1_n_0
    SLICE_X35Y30         CARRY4 (Prop_carry4_CI_CO[3])
                                                      0.114    15.064 r  u_core/u_gen/u_core/u_branch_mul/ac_q_reg[51]_i_1/CO[3]
                         net (fo=1, routed)           0.000    15.064    u_core/u_gen/u_core/u_branch_mul/ac_q_reg[51]_i_1_n_0
    SLICE_X35Y31         CARRY4 (Prop_carry4_CI_O[1])
                                                      0.334    15.398 r  u_core/u_gen/u_core/u_branch_mul/ac_q_reg[55]_i_1/O[1]
                         net (fo=1, routed)           0.000    15.398    u_core/u_gen/u_core/u_branch_mul/ac_q_reg[55]_i_1_n_6
    SLICE_X35Y31         FDRE                                         r  u_core/u_gen/u_core/u_branch_mul/ac_q_reg[53]/D
  -------------------------------------------------------------------    -------------------

                         (clock clk rise edge)       20.000    20.000 r  
                                                      0.000    20.000 r  clk (IN)
                         net (fo=869, unset)          0.924    20.924    u_core/u_gen/u_core/u_branch_mul/clk
    SLICE_X35Y31         FDRE                                         r  u_core/u_gen/u_core/u_branch_mul/ac_q_reg[53]/C
                         clock pessimism              0.000    20.924    
                         clock uncertainty           -0.035    20.889    
    SLICE_X35Y31         FDRE (Setup_fdre_C_D)        0.062    20.951    u_core/u_gen/u_core/u_branch_mul/ac_q_reg[53]
  -------------------------------------------------------------------
                         required time                         20.951    
                         arrival time                         -15.398    
  -------------------------------------------------------------------
                         slack                                  5.553    





Pulse Width Checks
--------------------------------------------------------------------------------------
Clock Name:         clk
Waveform(ns):       { 0.000 10.000 }
Period(ns):         20.000
Sources:            { clk }

Check Type        Corner  Lib Pin      Reference Pin  Required(ns)  Actual(ns)  Slack(ns)  Location      Pin
Min Period        n/a     DSP48E1/CLK  n/a            2.154         20.000      17.846     DSP48_X1Y15   u_core/u_gen/u_core/u_branch_mul/ad_q_reg/CLK
Low Pulse Width   Slow    FDRE/C       n/a            0.500         10.000      9.500      SLICE_X36Y21  u_core/u_gen/u_core/u_branch_mul/bd_q_reg[0]/C
High Pulse Width  Slow    FDRE/C       n/a            0.500         10.000      9.500      SLICE_X36Y21  u_core/u_gen/u_core/u_branch_mul/bd_q_reg[0]/C



--------------------------------------------------------------------------------------
Path Group:  (none)
From Clock:  
  To Clock:  

Max Delay             1 Endpoint
Min Delay             0 Endpoints
--------------------------------------------------------------------------------------


Max Delay Paths
--------------------------------------------------------------------------------------
Slack:                    inf
  Source:                 start
                            (input port)
  Destination:            s_ready
                            (output port)
  Path Group:             (none)
  Path Type:              Max at Slow Process Corner
  Data Path Delay:        2.070ns  (logic 0.124ns (5.990%)  route 1.946ns (94.010%))
  Logic Levels:           1  (LUT3=1)

    Location             Delay type                Incr(ns)  Path(ns)    Netlist Resource(s)
  -------------------------------------------------------------------    -------------------
                                                      0.000     0.000 r  start (IN)
                         net (fo=2, unset)            0.973     0.973    u_core/u_gen/u_core/start
    SLICE_X30Y30         LUT3 (Prop_lut3_I2_O)        0.124     1.097 r  u_core/u_gen/u_core/req_ready_INST_0/O
                         net (fo=1, unset)            0.973     2.070    s_ready
                                                                      r  s_ready (OUT)
  -------------------------------------------------------------------    -------------------





--------------------------------------------------------------------------------------
Path Group:  (none)
From Clock:  clk
  To Clock:  

Max Delay            98 Endpoints
Min Delay             0 Endpoints
--------------------------------------------------------------------------------------


Max Delay Paths
--------------------------------------------------------------------------------------
Slack:                    inf
  Source:                 u_core/u_gen/u_core/keystream_data_reg[21]/C
                            (rising edge-triggered cell FDRE clocked by clk  {rise@0.000ns fall@10.000ns period=20.000ns})
  Destination:            m_data[21]
                            (output port)
  Path Group:             (none)
  Path Type:              Max at Slow Process Corner
  Data Path Delay:        2.670ns  (logic 0.580ns (21.721%)  route 2.090ns (78.279%))
  Logic Levels:           1  (LUT2=1)
  Clock Uncertainty:      0.025ns  ((TSJ^2 + TIJ^2)^1/2 + DJ) / 2 + PE
    Total System Jitter     (TSJ):    0.050ns
    Total Input Jitter      (TIJ):    0.000ns
    Discrete Jitter          (DJ):    0.000ns
    Phase Error              (PE):    0.000ns

    Location             Delay type                Incr(ns)  Path(ns)    Netlist Resource(s)
  -------------------------------------------------------------------    -------------------
                         (clock clk rise edge)        0.000     0.000 r  
                                                      0.000     0.000 r  clk (IN)
                         net (fo=869, unset)          0.973     0.973    u_core/u_gen/u_core/clk
    SLICE_X29Y27         FDRE                                         r  u_core/u_gen/u_core/keystream_data_reg[21]/C
  -------------------------------------------------------------------    -------------------
    SLICE_X29Y27         FDRE (Prop_fdre_C_Q)         0.456     1.429 r  u_core/u_gen/u_core/keystream_data_reg[21]/Q
                         net (fo=1, routed)           1.117     2.546    u_core/key_data[21]
    SLICE_X31Y27         LUT2 (Prop_lut2_I0_O)        0.124     2.670 r  u_core/m_data[21]_INST_0/O
                         net (fo=0)                   0.973     3.643    m_data[21]
                                                                      r  m_data[21] (OUT)
  -------------------------------------------------------------------    -------------------





--------------------------------------------------------------------------------------
Path Group:  (none)
From Clock:  
  To Clock:  clk

Max Delay          1093 Endpoints
Min Delay             0 Endpoints
--------------------------------------------------------------------------------------


Max Delay Paths
--------------------------------------------------------------------------------------
Slack:                    inf
  Source:                 rstn
                            (input port)
  Destination:            u_core/u_gen/u_core/u_sigma_mul/bd_q_reg[10]__0/R
                            (rising edge-triggered cell FDRE clocked by clk  {rise@0.000ns fall@10.000ns period=20.000ns})
  Path Group:             (none)
  Path Type:              Setup (Max at Slow Process Corner)
  Data Path Delay:        6.358ns  (logic 0.124ns (1.950%)  route 6.234ns (98.050%))
  Logic Levels:           1  (LUT1=1)
  Clock Path Skew:        0.924ns (DCD - SCD + CPR)
    Destination Clock Delay (DCD):    0.924ns
    Source Clock Delay      (SCD):    0.000ns
    Clock Pessimism Removal (CPR):    0.000ns

    Location             Delay type                Incr(ns)  Path(ns)    Netlist Resource(s)
  -------------------------------------------------------------------    -------------------
                                                      0.000     0.000 f  rstn (IN)
                         net (fo=7, unset)            0.973     0.973    u_core/u_gen/u_core/u_sigma_mul/rstn
    SLICE_X18Y34         LUT1 (Prop_lut1_I0_O)        0.124     1.097 r  u_core/u_gen/u_core/u_sigma_mul/p_re[31]_i_1/O
                         net (fo=208, routed)         5.261     6.358    u_core/u_gen/u_core/u_sigma_mul/p_0_in
    SLICE_X18Y17         FDRE                                         r  u_core/u_gen/u_core/u_sigma_mul/bd_q_reg[10]__0/R
  -------------------------------------------------------------------    -------------------

                         (clock clk rise edge)        0.000     0.000 r  
                                                      0.000     0.000 r  clk (IN)
                         net (fo=869, unset)          0.924     0.924    u_core/u_gen/u_core/u_sigma_mul/clk
    SLICE_X18Y17         FDRE                                         r  u_core/u_gen/u_core/u_sigma_mul/bd_q_reg[10]__0/C





