Copyright 1986-2020 Xilinx, Inc. All Rights Reserved.
------------------------------------------------------------------------------------------------------------------------------------------------------------------------------------------------
| Tool Version : Vivado v.2020.2 (win64) Build 3064766 Wed Nov 18 09:12:45 MST 2020
| Date         : Fri Jul 10 15:36:11 2026
| Host         : DESKTOP-5C0BNO8 running 64-bit major release  (build 9200)
| Device       : 7z020-clg400
| Speed File   : -1  PRODUCTION 1.12 2019-11-22
------------------------------------------------------------------------------------------------------------------------------------------------------------------------------------------------

Timing Summary Report

------------------------------------------------------------------------------------------------
| Timer Settings
| --------------
------------------------------------------------------------------------------------------------

  Enable Multi Corner Analysis               :  Yes
  Enable Pessimism Removal                   :  Yes
  Pessimism Removal Resolution               :  Nearest Common Node
  Enable Input Delay Default Clock           :  No
  Enable Preset / Clear Arcs                 :  No
  Disable Flight Delays                      :  No
  Ignore I/O Paths                           :  No
  Timing Early Launch at Borrowing Latches   :  No
  Borrow Time for Max Delay Exceptions       :  Yes
  Merge Timing Exceptions                    :  Yes

  Corner  Analyze    Analyze    
  Name    Max Paths  Min Paths  
  ------  ---------  ---------  
  Slow    Yes        Yes        
  Fast    Yes        Yes        



check_timing report

Table of Contents
-----------------
1. checking no_clock (0)
2. checking constant_clock (0)
3. checking pulse_width_clock (0)
4. checking unconstrained_internal_endpoints (0)
5. checking no_input_delay (36)
6. checking no_output_delay (98)
7. checking multiple_clock (0)
8. checking generated_clocks (0)
9. checking loops (0)
10. checking partial_input_delay (0)
11. checking partial_output_delay (0)
12. checking latch_loops (0)

1. checking no_clock (0)
------------------------
 There are 0 register/latch pins with no clock.


2. checking constant_clock (0)
------------------------------
 There are 0 register/latch pins with constant_clock.


3. checking pulse_width_clock (0)
---------------------------------
 There are 0 register/latch pins which need pulse_width check


4. checking unconstrained_internal_endpoints (0)
------------------------------------------------
 There are 0 pins that are not constrained for maximum delay.

 There are 0 pins that are not constrained for maximum delay due to constant clock.


5. checking no_input_delay (36)
-------------------------------
 There are 36 input ports with no input delay specified. (HIGH)

 There are 0 input ports with no input delay but user has a false path constraint.


6. checking no_output_delay (98)
--------------------------------
 There are 98 ports with no output delay specified. (HIGH)

 There are 0 ports with no output delay but user has a false path constraint

 There are 0 ports with no output delay but with a timing clock defined on it or propagating through it


7. checking multiple_clock (0)
------------------------------
 There are 0 register/latch pins with multiple clocks.


8. checking generated_clocks (0)
--------------------------------
 There are 0 generated clocks that are not connected to a clock source.


9. checking loops (0)
---------------------
 There are 0 combinational loops in the design.


10. checking partial_input_delay (0)
------------------------------------
 There are 0 input ports with partial input delay specified.


11. checking partial_output_delay (0)
-------------------------------------
 There are 0 ports with partial output delay specified.


12. checking latch_loops (0)
----------------------------
 There are 0 combinational latch loops in the design through latch input



------------------------------------------------------------------------------------------------
| Design Timing Summary
| ---------------------
------------------------------------------------------------------------------------------------

    WNS(ns)      TNS(ns)  TNS Failing Endpoints  TNS Total Endpoints     WPWS(ns)     TPWS(ns)  TPWS Failing Endpoints  TPWS Total Endpoints  
    -------      -------  ---------------------  -------------------     --------     --------  ----------------------  --------------------  
      8.854        0.000                      0                 9224        9.500        0.000                       0                  2568  


All user specified timing constraints are met.


------------------------------------------------------------------------------------------------
| Clock Summary
| -------------
------------------------------------------------------------------------------------------------

Clock  Waveform(ns)       Period(ns)      Frequency(MHz)
-----  ------------       ----------      --------------
clk    {0.000 10.000}     20.000          50.000          


------------------------------------------------------------------------------------------------
| Intra Clock Table
| -----------------
------------------------------------------------------------------------------------------------

Clock             WNS(ns)      TNS(ns)  TNS Failing Endpoints  TNS Total Endpoints     WPWS(ns)     TPWS(ns)  TPWS Failing Endpoints  TPWS Total Endpoints  
-----             -------      -------  ---------------------  -------------------     --------     --------  ----------------------  --------------------  
clk                 8.854        0.000                      0                 9224        9.500        0.000                       0                  2568  


------------------------------------------------------------------------------------------------
| Inter Clock Table
| -----------------
------------------------------------------------------------------------------------------------

From Clock    To Clock          WNS(ns)      TNS(ns)  TNS Failing Endpoints  TNS Total Endpoints  
----------    --------          -------      -------  ---------------------  -------------------  


------------------------------------------------------------------------------------------------
| Other Path Groups Table
| -----------------------
------------------------------------------------------------------------------------------------

Path Group    From Clock    To Clock          WNS(ns)      TNS(ns)  TNS Failing Endpoints  TNS Total Endpoints  
----------    ----------    --------          -------      -------  ---------------------  -------------------  


------------------------------------------------------------------------------------------------
| User Ignored Path Table
| -----------------------
------------------------------------------------------------------------------------------------

Path Group    From Clock    To Clock    
----------    ----------    --------    


------------------------------------------------------------------------------------------------
| Unconstrained Path Table
| ------------------------
------------------------------------------------------------------------------------------------

Path Group    From Clock    To Clock    
----------    ----------    --------    
(none)                                    
(none)        clk                         
(none)                      clk           


------------------------------------------------------------------------------------------------
| Timing Details
| --------------
------------------------------------------------------------------------------------------------


---------------------------------------------------------------------------------------------------
From Clock:  clk
  To Clock:  clk

Setup :            0  Failing Endpoints,  Worst Slack        8.854ns,  Total Violation        0.000ns
Hold  :           NA  Failing Endpoints,  Worst Slack           NA  ,  Total Violation           NA
PW    :            0  Failing Endpoints,  Worst Slack        9.500ns,  Total Violation        0.000ns
---------------------------------------------------------------------------------------------------


Max Delay Paths
--------------------------------------------------------------------------------------
Slack (MET) :             8.854ns  (required time - arrival time)
  Source:                 u_core/u_gen/G_CORE[3].u_core/issue_idx_reg[0]/C
                            (rising edge-triggered cell FDRE clocked by clk  {rise@0.000ns fall@10.000ns period=20.000ns})
  Destination:            u_core/u_gen/G_CORE[3].u_core/u_branch_mul/ad_q_reg/PCIN[0]
                            (rising edge-triggered cell DSP48E1 clocked by clk  {rise@0.000ns fall@10.000ns period=20.000ns})
  Path Group:             clk
  Path Type:              Setup (Max at Slow Process Corner)
  Requirement:            20.000ns  (clk rise@20.000ns - clk rise@0.000ns)
  Data Path Delay:        9.662ns  (logic 4.493ns (46.504%)  route 5.169ns (53.496%))
  Logic Levels:           2  (DSP48E1=1 LUT3=1)
  Clock Path Skew:        -0.049ns (DCD - SCD + CPR)
    Destination Clock Delay (DCD):    0.924ns = ( 20.924 - 20.000 ) 
    Source Clock Delay      (SCD):    0.973ns
    Clock Pessimism Removal (CPR):    0.000ns
  Clock Uncertainty:      0.035ns  ((TSJ^2 + TIJ^2)^1/2 + DJ) / 2 + PE
    Total System Jitter     (TSJ):    0.071ns
    Total Input Jitter      (TIJ):    0.000ns
    Discrete Jitter          (DJ):    0.000ns
    Phase Error              (PE):    0.000ns

    Location             Delay type                Incr(ns)  Path(ns)    Netlist Resource(s)
  -------------------------------------------------------------------    -------------------
                         (clock clk rise edge)        0.000     0.000 r  
                                                      0.000     0.000 r  clk (IN)
                         net (fo=2567, unset)         0.973     0.973    u_core/u_gen/G_CORE[3].u_core/clk
    SLICE_X92Y28         FDRE                                         r  u_core/u_gen/G_CORE[3].u_core/issue_idx_reg[0]/C
  -------------------------------------------------------------------    -------------------
    SLICE_X92Y28         FDRE (Prop_fdre_C_Q)         0.518     1.491 f  u_core/u_gen/G_CORE[3].u_core/issue_idx_reg[0]/Q
                         net (fo=7, routed)           0.854     2.345    u_core/u_gen/G_CORE[3].u_core/u_coeff/idx[0]
    SLICE_X92Y28         LUT3 (Prop_lut3_I1_O)        0.124     2.469 r  u_core/u_gen/G_CORE[3].u_core/u_coeff/coeff_im[31]_INST_0/O
                         net (fo=168, routed)         4.313     6.782    u_core/u_gen/G_CORE[3].u_core/u_branch_mul/a_im[31]
    DSP48_X4Y2           DSP48E1 (Prop_dsp48e1_B[3]_PCOUT[0])
                                                      3.851    10.633 r  u_core/u_gen/G_CORE[3].u_core/u_branch_mul/ad_q0/PCOUT[0]
                         net (fo=1, routed)           0.002    10.635    u_core/u_gen/G_CORE[3].u_core/u_branch_mul/ad_q0_n_153
    DSP48_X4Y3           DSP48E1                                      r  u_core/u_gen/G_CORE[3].u_core/u_branch_mul/ad_q_reg/PCIN[0]
  -------------------------------------------------------------------    -------------------

                         (clock clk rise edge)       20.000    20.000 r  
                                                      0.000    20.000 r  clk (IN)
                         net (fo=2567, unset)         0.924    20.924    u_core/u_gen/G_CORE[3].u_core/u_branch_mul/clk
    DSP48_X4Y3           DSP48E1                                      r  u_core/u_gen/G_CORE[3].u_core/u_branch_mul/ad_q_reg/CLK
                         clock pessimism              0.000    20.924    
                         clock uncertainty           -0.035    20.889    
    DSP48_X4Y3           DSP48E1 (Setup_dsp48e1_CLK_PCIN[0])
                                                     -1.400    19.489    u_core/u_gen/G_CORE[3].u_core/u_branch_mul/ad_q_reg
  -------------------------------------------------------------------
                         required time                         19.489    
                         arrival time                         -10.635    
  -------------------------------------------------------------------
                         slack                                  8.854    





Pulse Width Checks
--------------------------------------------------------------------------------------
Clock Name:         clk
Waveform(ns):       { 0.000 10.000 }
Period(ns):         20.000
Sources:            { clk }

Check Type        Corner  Lib Pin      Reference Pin  Required(ns)  Actual(ns)  Slack(ns)  Location      Pin
Min Period        n/a     DSP48E1/CLK  n/a            2.154         20.000      17.846     DSP48_X2Y25   u_core/u_gen/G_CORE[0].u_core/u_sigma_mul/bc_q_reg/CLK
Low Pulse Width   Slow    FDRE/C       n/a            0.500         10.000      9.500      SLICE_X19Y10  u_core/u_gen/G_CORE[1].u_core/u_branch_mul/bc_q_reg[0]/C
High Pulse Width  Slow    FDRE/C       n/a            0.500         10.000      9.500      SLICE_X19Y10  u_core/u_gen/G_CORE[1].u_core/u_branch_mul/bc_q_reg[0]/C



--------------------------------------------------------------------------------------
Path Group:  (none)
From Clock:  
  To Clock:  

Max Delay             1 Endpoint
Min Delay             0 Endpoints
--------------------------------------------------------------------------------------


Max Delay Paths
--------------------------------------------------------------------------------------
Slack:                    inf
  Source:                 start
                            (input port)
  Destination:            s_ready
                            (output port)
  Path Group:             (none)
  Path Type:              Max at Slow Process Corner
  Data Path Delay:        4.740ns  (logic 0.474ns (10.000%)  route 4.266ns (90.000%))
  Logic Levels:           2  (LUT4=2)

    Location             Delay type                Incr(ns)  Path(ns)    Netlist Resource(s)
  -------------------------------------------------------------------    -------------------
                                                      0.000     0.000 r  start (IN)
                         net (fo=11, unset)           0.973     0.973    u_core/u_gen/G_CORE[1].u_core/start
    SLICE_X22Y26         LUT4 (Prop_lut4_I3_O)        0.146     1.119 r  u_core/u_gen/G_CORE[1].u_core/req_ready_INST_0/O
                         net (fo=2, routed)           2.320     3.439    u_core/u_gen/ready_v[1]
    SLICE_X56Y44         LUT4 (Prop_lut4_I0_O)        0.328     3.767 r  u_core/u_gen/req_ready_INST_0/O
                         net (fo=1, unset)            0.973     4.740    s_ready
                                                                      r  s_ready (OUT)
  -------------------------------------------------------------------    -------------------





--------------------------------------------------------------------------------------
Path Group:  (none)
From Clock:  clk
  To Clock:  

Max Delay            98 Endpoints
Min Delay             0 Endpoints
--------------------------------------------------------------------------------------


Max Delay Paths
--------------------------------------------------------------------------------------
Slack:                    inf
  Source:                 u_core/u_gen/G_CORE[1].u_core/FSM_sequential_state_reg[0]/C
                            (rising edge-triggered cell FDRE clocked by clk  {rise@0.000ns fall@10.000ns period=20.000ns})
  Destination:            s_ready
                            (output port)
  Path Group:             (none)
  Path Type:              Max at Slow Process Corner
  Data Path Delay:        5.204ns  (logic 0.996ns (19.138%)  route 4.208ns (80.862%))
  Logic Levels:           2  (LUT4=2)
  Clock Uncertainty:      0.025ns  ((TSJ^2 + TIJ^2)^1/2 + DJ) / 2 + PE
    Total System Jitter     (TSJ):    0.050ns
    Total Input Jitter      (TIJ):    0.000ns
    Discrete Jitter          (DJ):    0.000ns
    Phase Error              (PE):    0.000ns

    Location             Delay type                Incr(ns)  Path(ns)    Netlist Resource(s)
  -------------------------------------------------------------------    -------------------
                         (clock clk rise edge)        0.000     0.000 r  
                                                      0.000     0.000 r  clk (IN)
                         net (fo=2567, unset)         0.973     0.973    u_core/u_gen/G_CORE[1].u_core/clk
    SLICE_X22Y26         FDRE                                         r  u_core/u_gen/G_CORE[1].u_core/FSM_sequential_state_reg[0]/C
  -------------------------------------------------------------------    -------------------
    SLICE_X22Y26         FDRE (Prop_fdre_C_Q)         0.518     1.491 f  u_core/u_gen/G_CORE[1].u_core/FSM_sequential_state_reg[0]/Q
                         net (fo=15, routed)          0.916     2.407    u_core/u_gen/G_CORE[1].u_core/state[0]
    SLICE_X22Y26         LUT4 (Prop_lut4_I1_O)        0.150     2.557 r  u_core/u_gen/G_CORE[1].u_core/req_ready_INST_0/O
                         net (fo=2, routed)           2.320     4.876    u_core/u_gen/ready_v[1]
    SLICE_X56Y44         LUT4 (Prop_lut4_I0_O)        0.328     5.204 r  u_core/u_gen/req_ready_INST_0/O
                         net (fo=1, unset)            0.973     6.177    s_ready
                                                                      r  s_ready (OUT)
  -------------------------------------------------------------------    -------------------





--------------------------------------------------------------------------------------
Path Group:  (none)
From Clock:  
  To Clock:  clk

Max Delay          2912 Endpoints
Min Delay             0 Endpoints
--------------------------------------------------------------------------------------


Max Delay Paths
--------------------------------------------------------------------------------------
Slack:                    inf
  Source:                 start
                            (input port)
  Destination:            u_core/u_gen/G_CORE[1].u_core/base_im_q_reg[0]/CE
                            (rising edge-triggered cell FDRE clocked by clk  {rise@0.000ns fall@10.000ns period=20.000ns})
  Path Group:             (none)
  Path Type:              Setup (Max at Slow Process Corner)
  Data Path Delay:        9.223ns  (logic 0.820ns (8.891%)  route 8.403ns (91.109%))
  Logic Levels:           3  (LUT4=1 LUT5=2)
  Clock Path Skew:        0.924ns (DCD - SCD + CPR)
    Destination Clock Delay (DCD):    0.924ns
    Source Clock Delay      (SCD):    0.000ns
    Clock Pessimism Removal (CPR):    0.000ns

    Location             Delay type                Incr(ns)  Path(ns)    Netlist Resource(s)
  -------------------------------------------------------------------    -------------------
                                                      0.000     0.000 r  start (IN)
                         net (fo=11, unset)           0.973     0.973    u_core/u_gen/G_CORE[1].u_core/start
    SLICE_X22Y26         LUT4 (Prop_lut4_I3_O)        0.146     1.119 r  u_core/u_gen/G_CORE[1].u_core/req_ready_INST_0/O
                         net (fo=2, routed)           2.320     3.439    u_core/u_gen/ready_v[1]
    SLICE_X56Y44         LUT5 (Prop_lut5_I4_O)        0.322     3.761 r  u_core/u_gen/G_CORE[3].u_core_i_1/O
                         net (fo=8, routed)           3.024     6.785    u_core/u_gen/G_CORE[1].u_core/req_valid
    SLICE_X22Y24         LUT5 (Prop_lut5_I2_O)        0.352     7.137 r  u_core/u_gen/G_CORE[1].u_core/base_re_q[31]_i_1/O
                         net (fo=64, routed)          2.087     9.223    u_core/u_gen/G_CORE[1].u_core/base_re_q
    SLICE_X21Y11         FDRE                                         r  u_core/u_gen/G_CORE[1].u_core/base_im_q_reg[0]/CE
  -------------------------------------------------------------------    -------------------

                         (clock clk rise edge)        0.000     0.000 r  
                                                      0.000     0.000 r  clk (IN)
                         net (fo=2567, unset)         0.924     0.924    u_core/u_gen/G_CORE[1].u_core/clk
    SLICE_X21Y11         FDRE                                         r  u_core/u_gen/G_CORE[1].u_core/base_im_q_reg[0]/C





